Archive member included to satisfy reference by file (symbol)

app/libapp.a(main.c.obj)      (--whole-archive)
zephyr/libzephyr.a(cbprintf_packaged.c.obj)
                              (--whole-archive)
zephyr/libzephyr.a(dec.c.obj)
                              (--whole-archive)
zephyr/libzephyr.a(fdtable.c.obj)
                              (--whole-archive)
zephyr/libzephyr.a(hex.c.obj)
                              (--whole-archive)
zephyr/libzephyr.a(printk.c.obj)
                              (--whole-archive)
zephyr/libzephyr.a(rb.c.obj)  (--whole-archive)
zephyr/libzephyr.a(sem.c.obj)
                              (--whole-archive)
zephyr/libzephyr.a(thread_entry.c.obj)
                              (--whole-archive)
zephyr/libzephyr.a(timeutil.c.obj)
                              (--whole-archive)
zephyr/libzephyr.a(heap.c.obj)
                              (--whole-archive)
zephyr/libzephyr.a(heap-validate.c.obj)
                              (--whole-archive)
zephyr/libzephyr.a(bitarray.c.obj)
                              (--whole-archive)
zephyr/libzephyr.a(multi_heap.c.obj)
                              (--whole-archive)
zephyr/libzephyr.a(onoff.c.obj)
                              (--whole-archive)
zephyr/libzephyr.a(notify.c.obj)
                              (--whole-archive)
zephyr/libzephyr.a(crc32c_sw.c.obj)
                              (--whole-archive)
zephyr/libzephyr.a(crc32_sw.c.obj)
                              (--whole-archive)
zephyr/libzephyr.a(crc16_sw.c.obj)
                              (--whole-archive)
zephyr/libzephyr.a(crc8_sw.c.obj)
                              (--whole-archive)
zephyr/libzephyr.a(crc7_sw.c.obj)
                              (--whole-archive)
zephyr/libzephyr.a(cbprintf_complete.c.obj)
                              (--whole-archive)
zephyr/libzephyr.a(cbprintf.c.obj)
                              (--whole-archive)
zephyr/libzephyr.a(assert.c.obj)
                              (--whole-archive)
zephyr/libzephyr.a(reboot.c.obj)
                              (--whole-archive)
zephyr/libzephyr.a(configs.c.obj)
                              (--whole-archive)
zephyr/libzephyr.a(soc.c.obj)
                              (--whole-archive)
zephyr/libzephyr.a(power.c.obj)
                              (--whole-archive)
zephyr/libzephyr.a(soc_nrf_common.S.obj)
                              (--whole-archive)
zephyr/libzephyr.a(validate_base_addresses.c.obj)
                              (--whole-archive)
zephyr/libzephyr.a(validate_enabled_instances.c.obj)
                              (--whole-archive)
zephyr/libzephyr.a(pm.c.obj)  (--whole-archive)
zephyr/libzephyr.a(policy.c.obj)
                              (--whole-archive)
zephyr/libzephyr.a(state.c.obj)
                              (--whole-archive)
zephyr/libzephyr.a(tracing_none.c.obj)
                              (--whole-archive)
zephyr/libzephyr.a(nrf_cc3xx_platform_abort_zephyr.c.obj)
                              (--whole-archive)
zephyr/libzephyr.a(nrf_cc3xx_platform_mutex_zephyr.c.obj)
                              (--whole-archive)
zephyr/arch/common/libarch__common.a(sw_isr_common.c.obj)
                              (--whole-archive)
zephyr/arch/arch/arm/core/aarch32/libarch__arm__core__aarch32.a(cpu_idle.S.obj)
                              (--whole-archive)
zephyr/arch/arch/arm/core/aarch32/libarch__arm__core__aarch32.a(fatal.c.obj)
                              (--whole-archive)
zephyr/arch/arch/arm/core/aarch32/libarch__arm__core__aarch32.a(irq_manage.c.obj)
                              (--whole-archive)
zephyr/arch/arch/arm/core/aarch32/libarch__arm__core__aarch32.a(nmi.c.obj)
                              (--whole-archive)
zephyr/arch/arch/arm/core/aarch32/libarch__arm__core__aarch32.a(nmi_on_reset.S.obj)
                              (--whole-archive)
zephyr/arch/arch/arm/core/aarch32/libarch__arm__core__aarch32.a(prep_c.c.obj)
                              (--whole-archive)
zephyr/arch/arch/arm/core/aarch32/libarch__arm__core__aarch32.a(swap.c.obj)
                              (--whole-archive)
zephyr/arch/arch/arm/core/aarch32/libarch__arm__core__aarch32.a(swap_helper.S.obj)
                              (--whole-archive)
zephyr/arch/arch/arm/core/aarch32/libarch__arm__core__aarch32.a(thread.c.obj)
                              (--whole-archive)
zephyr/arch/arch/arm/core/aarch32/libarch__arm__core__aarch32.a(isr_wrapper.S.obj)
                              (--whole-archive)
zephyr/arch/arch/arm/core/aarch32/cortex_m/libarch__arm__core__aarch32__cortex_m.a(exc_exit.S.obj)
                              (--whole-archive)
zephyr/arch/arch/arm/core/aarch32/cortex_m/libarch__arm__core__aarch32__cortex_m.a(fault.c.obj)
                              (--whole-archive)
zephyr/arch/arch/arm/core/aarch32/cortex_m/libarch__arm__core__aarch32__cortex_m.a(fault_s.S.obj)
                              (--whole-archive)
[...]
Memory Configuration

Name             Origin             Length             Attributes
FLASH            0x0000000000000000 0x0000000000100000 xr
RAM              0x0000000020000000 0x0000000000070000 xw
IDT_LIST         0x00000000fffff7ff 0x0000000000000800 xw
*default*        0x0000000000000000 0xffffffffffffffff

Linker script and memory map

LOAD zephyr/CMakeFiles/zephyr_final.dir/misc/empty_file.c.obj
LOAD zephyr/CMakeFiles/zephyr_final.dir/dev_handles.c.obj
LOAD zephyr/CMakeFiles/zephyr_final.dir/isr_tables.c.obj
                0x0000000000000020                _region_min_align = 0x20

.rel.plt        0x0000000000000000        0x0
 *(SORT_BY_ALIGNMENT(.rel.plt))
                [!provide]                        PROVIDE (__rel_iplt_start = .)
 *(SORT_BY_ALIGNMENT(.rel.iplt))
 .rel.iplt      0x0000000000000000        0x0 zephyr/CMakeFiles/zephyr_final.dir/isr_tables.c.obj
                [!provide]                        PROVIDE (__rel_iplt_end = .)

.rela.plt       0x0000000000000000        0x0
 *(SORT_BY_ALIGNMENT(.rela.plt))
                [!provide]                        PROVIDE (__rela_iplt_start = .)
 *(SORT_BY_ALIGNMENT(.rela.iplt))
                [!provide]                        PROVIDE (__rela_iplt_end = .)

.rel.dyn
 *(SORT_BY_ALIGNMENT(.rel.*))

.rela.dyn
 *(SORT_BY_ALIGNMENT(.rela.*))

/DISCARD/
 *(SORT_BY_ALIGNMENT(.plt))

/DISCARD/
 *(SORT_BY_ALIGNMENT(.iplt))
                0x0000000000000000                __rom_region_start = 0x0

rom_start       0x0000000000000000      0x154
                0x0000000000000000                . = 0x0
                0x0000000000000000                . = ALIGN (0x4)
                0x0000000000000000                . = ALIGN (0x80)
                0x0000000000000000                . = ALIGN (0x200)
                0x0000000000000000                _vector_start = .
 *(SORT_BY_ALIGNMENT(.exc_vector_table))
 *(SORT_BY_ALIGNMENT(.exc_vector_table.*))
 .exc_vector_table._vector_table_section
                0x0000000000000000       0x40 zephyr/arch/arch/arm/core/aarch32/cortex_m/libarch__arm__core__aarch32__cortex_m.a(vector_table.S.obj)
                0x0000000000000000                _vector_table
 *(SORT_BY_ALIGNMENT(.vectors))
                0x0000000000000154                _vector_end = .
                0x0000000000000040                . = ALIGN (0x4)
 *(SORT_BY_ALIGNMENT(.gnu.linkonce.irq_vector_table*))
 .gnu.linkonce.irq_vector_table
                0x0000000000000040      0x114 zephyr/CMakeFiles/zephyr_final.dir/isr_tables.c.obj
                0x0000000000000040                _irq_vector_table
                0x0000000000000154                _vector_end = .

text            0x0000000000000154     0x65f8
                0x0000000000000154                __text_region_start = .
 *(SORT_BY_ALIGNMENT(.text))
 .text          0x0000000000000154       0x30 c:/ncs/toolchains/31f4403e35/opt/zephyr-sdk/arm-zephyr-eabi/bin/../lib/gcc/arm-zephyr-eabi/12.2.0/thumb/v8-m.main/nofp\libgcc.a(_aeabi_uldivmod.o)
                0x0000000000000154                __aeabi_uldivmod
 .text          0x0000000000000184        0x4 c:/ncs/toolchains/31f4403e35/opt/zephyr-sdk/arm-zephyr-eabi/bin/../lib/gcc/arm-zephyr-eabi/12.2.0/thumb/v8-m.main/nofp\libgcc.a(_dvmd_tls.o)
                0x0000000000000184                __aeabi_idiv0
                0x0000000000000184                __aeabi_ldiv0
 .text          0x0000000000000188      0x29c c:/ncs/toolchains/31f4403e35/opt/zephyr-sdk/arm-zephyr-eabi/bin/../lib/gcc/arm-zephyr-eabi/12.2.0/thumb/v8-m.main/nofp\libgcc.a(_udivmoddi4.o)
                0x0000000000000188                __udivmoddi4
 *(SORT_BY_ALIGNMENT(.text.*))
 .text.set_date_time
                0x0000000000000424       0x88 app/libapp.a(main.c.obj)
                0x0000000000000424                set_date_time
 .text.get_date_time
                0x00000000000004ac       0x88 app/libapp.a(main.c.obj)
                0x00000000000004ac                get_date_time
 .text.main     0x0000000000000534       0x90 app/libapp.a(main.c.obj)
                0x0000000000000534                main
 .text.char_out
                0x00000000000005c4        0xc zephyr/libzephyr.a(printk.c.obj)
 .text.__printk_hook_install
                0x00000000000005d0        0xc zephyr/libzephyr.a(printk.c.obj)
                0x00000000000005d0                __printk_hook_install
 .text.vprintk  0x00000000000005dc       0x1c zephyr/libzephyr.a(printk.c.obj)
                0x00000000000005dc                vprintk
 .text.process_event
                0x00000000000005f8      0x21c zephyr/libzephyr.a(onoff.c.obj)
 .text.z_cbvprintf_impl
                0x0000000000000814      0xcd4 zephyr/libzephyr.a(cbprintf_complete.c.obj)
                0x0000000000000814                z_cbvprintf_impl
 .text.sys_reboot
                0x00000000000014e8       0x30 zephyr/libzephyr.a(reboot.c.obj)
                0x00000000000014e8                sys_reboot
 .text.nrf_gpio_pin_control_select.constprop.0
                0x0000000000001518       0x1c zephyr/libzephyr.a(soc.c.obj)
 .text.nordicsemi_nrf53_init
                0x0000000000001534       0x50 zephyr/libzephyr.a(soc.c.obj)
 .text.z_arm_on_enter_cpu_idle
                0x0000000000001584       0x64 zephyr/libzephyr.a(soc.c.obj)
                0x0000000000001584                z_arm_on_enter_cpu_idle
 .text.arch_busy_wait
                0x00000000000015e8       0x24 zephyr/libzephyr.a(soc.c.obj)
                0x00000000000015e8                arch_busy_wait
 .text.pm_state_set
                0x000000000000160c       0x1c zephyr/libzephyr.a(power.c.obj)
                0x000000000000160c                pm_state_set
 .text.z_arm_platform_init
                0x0000000000001628        0x4 zephyr/libzephyr.a(soc_nrf_common.S.obj)
                0x0000000000001628                z_arm_platform_init
 .text.pm_state_notify
                0x000000000000162c       0x5c zephyr/libzephyr.a(pm.c.obj)
 .text.pm_system_resume
                0x0000000000001688       0x70 zephyr/libzephyr.a(pm.c.obj)
                0x0000000000001688                pm_system_resume
 .text.pm_system_suspend
                0x00000000000016f8       0xec zephyr/libzephyr.a(pm.c.obj)
                0x00000000000016f8                pm_system_suspend
 .text.pm_policy_next_state
                0x00000000000017e4       0x94 zephyr/libzephyr.a(policy.c.obj)
                0x00000000000017e4                pm_policy_next_state
 .text.pm_state_cpu_get_all
                0x0000000000001878       0x10 zephyr/libzephyr.a(state.c.obj)
                0x0000000000001878                pm_state_cpu_get_all
 .text.nrf_cc3xx_platform_abort_init
                0x0000000000001888        0xc zephyr/libzephyr.a(nrf_cc3xx_platform_abort_zephyr.c.obj)
                0x0000000000001888                nrf_cc3xx_platform_abort_init
 .text.mutex_free_platform
                0x0000000000001894       0x54 zephyr/libzephyr.a(nrf_cc3xx_platform_mutex_zephyr.c.obj)
 .text.mutex_lock_platform
                0x00000000000018e8       0x74 zephyr/libzephyr.a(nrf_cc3xx_platform_mutex_zephyr.c.obj)
 .text.mutex_unlock_platform
                0x000000000000195c       0x68 zephyr/libzephyr.a(nrf_cc3xx_platform_mutex_zephyr.c.obj)
 .text.mutex_init_platform
                0x00000000000019c4       0x94 zephyr/libzephyr.a(nrf_cc3xx_platform_mutex_zephyr.c.obj)
 .text.nrf_cc3xx_platform_mutex_init
                0x0000000000001a58       0x2c zephyr/libzephyr.a(nrf_cc3xx_platform_mutex_zephyr.c.obj)
                0x0000000000001a58                nrf_cc3xx_platform_mutex_init
 .text.z_arm_cpu_idle_init
                0x0000000000001a84        0xc zephyr/arch/arch/arm/core/aarch32/libarch__arm__core__aarch32.a(cpu_idle.S.obj)
                0x0000000000001a84                z_arm_cpu_idle_init
 .text.arch_cpu_idle
                0x0000000000001a90       0x28 zephyr/arch/arch/arm/core/aarch32/libarch__arm__core__aarch32.a(cpu_idle.S.obj)
                0x0000000000001a90                arch_cpu_idle
 .text.arch_cpu_atomic_idle
                0x0000000000001ab8       0x24 zephyr/arch/arch/arm/core/aarch32/libarch__arm__core__aarch32.a(cpu_idle.S.obj)
                0x0000000000001ab8                arch_cpu_atomic_idle
 .text.arch_irq_enable
                0x0000000000001adc       0x1c zephyr/arch/arch/arm/core/aarch32/libarch__arm__core__aarch32.a(irq_manage.c.obj)
                0x0000000000001adc                arch_irq_enable
 .text.arch_irq_disable
                0x0000000000001af8       0x28 zephyr/arch/arch/arm/core/aarch32/libarch__arm__core__aarch32.a(irq_manage.c.obj)
                0x0000000000001af8                arch_irq_disable
 .text.arch_irq_is_enabled
                0x0000000000001b20       0x1c zephyr/arch/arch/arm/core/aarch32/libarch__arm__core__aarch32.a(irq_manage.c.obj)
                0x0000000000001b20                arch_irq_is_enabled
 .text.z_arm_irq_priority_set
                0x0000000000001b3c       0x2c zephyr/arch/arch/arm/core/aarch32/libarch__arm__core__aarch32.a(irq_manage.c.obj)
                0x0000000000001b3c                z_arm_irq_priority_set
 .text.z_SysNmiOnReset
                0x0000000000001b68        0x8 zephyr/arch/arch/arm/core/aarch32/libarch__arm__core__aarch32.a(nmi_on_reset.S.obj)
                0x0000000000001b68                z_SysNmiOnReset
 .text.z_arm_prep_c
                0x0000000000001b70       0x38 zephyr/arch/arch/arm/core/aarch32/libarch__arm__core__aarch32.a(prep_c.c.obj)
                0x0000000000001b70                z_arm_prep_c
 .text.arch_swap
                0x0000000000001ba8       0x34 zephyr/arch/arch/arm/core/aarch32/libarch__arm__core__aarch32.a(swap.c.obj)
                0x0000000000001ba8                arch_swap
 .text.z_arm_pendsv
                0x0000000000001bdc       0x58 zephyr/arch/arch/arm/core/aarch32/libarch__arm__core__aarch32.a(swap_helper.S.obj)
                0x0000000000001bdc                z_arm_pendsv
 .text.z_arm_svc
                0x0000000000001c34       0x20 zephyr/arch/arch/arm/core/aarch32/libarch__arm__core__aarch32.a(swap_helper.S.obj)
                0x0000000000001c34                z_arm_svc
 .text.arch_new_thread
                0x0000000000001c54       0x38 zephyr/arch/arch/arm/core/aarch32/libarch__arm__core__aarch32.a(thread.c.obj)
                0x0000000000001c54                arch_new_thread
 .text.arch_switch_to_main_thread
                0x0000000000001c8c       0x28 zephyr/arch/arch/arm/core/aarch32/libarch__arm__core__aarch32.a(thread.c.obj)
                0x0000000000001c8c                arch_switch_to_main_thread
 .text._isr_wrapper
                0x0000000000001cb4       0x40 zephyr/arch/arch/arm/core/aarch32/libarch__arm__core__aarch32.a(isr_wrapper.S.obj)
                0x0000000000001cb4                _isr_wrapper
 .text._HandlerModeExit
                0x0000000000001cf4       0x1c zephyr/arch/arch/arm/core/aarch32/cortex_m/libarch__arm__core__aarch32__cortex_m.a(exc_exit.S.obj)
                0x0000000000001cf4                z_arm_int_exit
                0x0000000000001cf4                z_arm_exc_exit
 .text.usage_fault.constprop.0
                0x0000000000001d10       0x5c zephyr/arch/arch/arm/core/aarch32/cortex_m/libarch__arm__core__aarch32__cortex_m.a(fault.c.obj)
 .text.bus_fault.constprop.0
                0x0000000000001d6c       0x6c zephyr/arch/arch/arm/core/aarch32/cortex_m/libarch__arm__core__aarch32__cortex_m.a(fault.c.obj)
 .text.mem_manage_fault.constprop.0
                0x0000000000001dd8       0x78 zephyr/arch/arch/arm/core/aarch32/cortex_m/libarch__arm__core__aarch32__cortex_m.a(fault.c.obj)
 .text.z_arm_fault
                0x0000000000001e50      0x118 zephyr/arch/arch/arm/core/aarch32/cortex_m/libarch__arm__core__aarch32__cortex_m.a(fault.c.obj)
                0x0000000000001e50                z_arm_fault
 .text.z_arm_fault_init
                0x0000000000001f68       0x18 zephyr/arch/arch/arm/core/aarch32/cortex_m/libarch__arm__core__aarch32__cortex_m.a(fault.c.obj)
                0x0000000000001f68                z_arm_fault_init
 .text.__fault  0x0000000000001f80       0x14 zephyr/arch/arch/arm/core/aarch32/cortex_m/libarch__arm__core__aarch32__cortex_m.a(fault_s.S.obj)
                0x0000000000001f80                z_arm_usage_fault
                0x0000000000001f80                z_arm_mpu_fault
                0x0000000000001f80                z_arm_exc_spurious
                0x0000000000001f80                z_arm_debug_monitor
                0x0000000000001f80                z_arm_hard_fault
                0x0000000000001f80                z_arm_bus_fault
 .text.z_arm_interrupt_init
                0x0000000000001f94       0x18 zephyr/arch/arch/arm/core/aarch32/cortex_m/libarch__arm__core__aarch32__cortex_m.a(irq_init.c.obj)
                0x0000000000001f94                z_arm_interrupt_init
 .text._reset_section
                0x0000000000001fac       0x60 zephyr/arch/arch/arm/core/aarch32/cortex_m/libarch__arm__core__aarch32__cortex_m.a(reset.S.obj)
                0x0000000000001fac                __start
                0x0000000000001fac                z_arm_reset
 .text.sys_arch_reboot
                0x000000000000200c       0x24 zephyr/arch/arch/arm/core/aarch32/cortex_m/libarch__arm__core__aarch32__cortex_m.a(scb.c.obj)
                0x000000000000200c                sys_arch_reboot
 .text.z_arm_clear_arm_mpu_config
                0x0000000000002030       0x24 zephyr/arch/arch/arm/core/aarch32/cortex_m/libarch__arm__core__aarch32__cortex_m.a(scb.c.obj)
                0x0000000000002030                z_arm_clear_arm_mpu_config
 .text.z_arm_init_arch_hw_at_boot
                0x0000000000002054       0x4c zephyr/arch/arch/arm/core/aarch32/cortex_m/libarch__arm__core__aarch32__cortex_m.a(scb.c.obj)
                0x0000000000002054                z_arm_init_arch_hw_at_boot
 .text.z_impl_k_thread_abort
                0x00000000000020a0       0x2c zephyr/arch/arch/arm/core/aarch32/cortex_m/libarch__arm__core__aarch32__cortex_m.a(thread_abort.c.obj)
                0x00000000000020a0                z_impl_k_thread_abort
 .text.z_arm_configure_static_mpu_regions
                0x00000000000020cc       0x38 zephyr/arch/arch/arm/core/aarch32/mpu/libarch__arm__core__aarch32__mpu.a(arm_core_mpu.c.obj)
                0x00000000000020cc                z_arm_configure_static_mpu_regions
 .text.region_init
                0x0000000000002104       0x34 zephyr/arch/arch/arm/core/aarch32/mpu/libarch__arm__core__aarch32__mpu.a(arm_mpu.c.obj)
 .text.mpu_configure_regions_and_partition.constprop.0
                0x0000000000002138      0x14c zephyr/arch/arch/arm/core/aarch32/mpu/libarch__arm__core__aarch32__mpu.a(arm_mpu.c.obj)
 .text.arm_core_mpu_enable
                0x0000000000002284       0x18 zephyr/arch/arch/arm/core/aarch32/mpu/libarch__arm__core__aarch32__mpu.a(arm_mpu.c.obj)
                0x0000000000002284                arm_core_mpu_enable
 .text.arm_core_mpu_disable
                0x000000000000229c       0x14 zephyr/arch/arch/arm/core/aarch32/mpu/libarch__arm__core__aarch32__mpu.a(arm_mpu.c.obj)
                0x000000000000229c                arm_core_mpu_disable
 .text.arm_core_mpu_configure_static_mpu_regions
                0x00000000000022b0       0x14 zephyr/arch/arch/arm/core/aarch32/mpu/libarch__arm__core__aarch32__mpu.a(arm_mpu.c.obj)
                0x00000000000022b0                arm_core_mpu_configure_static_mpu_regions
 .text.arm_core_mpu_mark_areas_for_dynamic_regions
                0x00000000000022c4       0xb8 zephyr/arch/arch/arm/core/aarch32/mpu/libarch__arm__core__aarch32__mpu.a(arm_mpu.c.obj)
                0x00000000000022c4                arm_core_mpu_mark_areas_for_dynamic_regions
 .text.z_arm_mpu_init
                0x000000000000237c       0x4c zephyr/arch/arch/arm/core/aarch32/mpu/libarch__arm__core__aarch32__mpu.a(arm_mpu.c.obj)
                0x000000000000237c                z_arm_mpu_init
 .text.__stdout_hook_install
                0x00000000000023c8        0xc zephyr/lib/libc/minimal/liblib__libc__minimal.a(stdout_console.c.obj)
                0x00000000000023c8                __stdout_hook_install
 .text.onoff_stop
                0x00000000000023d4       0x30 zephyr/drivers/clock_control/libdrivers__clock_control.a(clock_control_nrf.c.obj)
 .text.onoff_start
                0x0000000000002404       0x44 zephyr/drivers/clock_control/libdrivers__clock_control.a(clock_control_nrf.c.obj)
 .text.clk_init
                0x0000000000002448       0x64 zephyr/drivers/clock_control/libdrivers__clock_control.a(clock_control_nrf.c.obj)
 .text.clkstarted_handle.constprop.0
                0x00000000000024ac       0x34 zephyr/drivers/clock_control/libdrivers__clock_control.a(clock_control_nrf.c.obj)
 .text.clock_event_handler
                0x00000000000024e0       0x30 zephyr/drivers/clock_control/libdrivers__clock_control.a(clock_control_nrf.c.obj)
 .text.generic_hfclk_start
                0x0000000000002510       0x64 zephyr/drivers/clock_control/libdrivers__clock_control.a(clock_control_nrf.c.obj)
 .text.api_blocking_start
                0x0000000000002574       0x34 zephyr/drivers/clock_control/libdrivers__clock_control.a(clock_control_nrf.c.obj)
 .text.generic_hfclk_stop
                0x00000000000025a8       0x34 zephyr/drivers/clock_control/libdrivers__clock_control.a(clock_control_nrf.c.obj)
 .text.z_nrf_clock_control_lf_on
                0x00000000000025dc       0xfc zephyr/drivers/clock_control/libdrivers__clock_control.a(clock_control_nrf.c.obj)
                0x00000000000025dc                z_nrf_clock_control_lf_on
 .text.rtt_console_init
                0x00000000000026d8       0x18 zephyr/drivers/console/libdrivers__console.a(rtt_console.c.obj)
 .text.rtt_console_out
                0x00000000000026f0       0x58 zephyr/drivers/console/libdrivers__console.a(rtt_console.c.obj)
 .text.gpio_nrfx_pin_interrupt_configure
                0x0000000000002748       0xd8 zephyr/drivers/gpio/libdrivers__gpio.a(gpio_nrfx.c.obj)
 .text.gpio_nrfx_init
                0x0000000000002820       0x38 zephyr/drivers/gpio/libdrivers__gpio.a(gpio_nrfx.c.obj)
 .text.nrfx_gpio_handler
                0x0000000000002858       0x4c zephyr/drivers/gpio/libdrivers__gpio.a(gpio_nrfx.c.obj)
 .text.gpio_nrfx_pin_configure
                0x00000000000028a4      0x124 zephyr/drivers/gpio/libdrivers__gpio.a(gpio_nrfx.c.obj)
 .text.i2c_nrfx_twim_init
                0x00000000000029c8       0x40 zephyr/drivers/i2c/libdrivers__i2c.a(i2c_nrfx_twim.c.obj)
 .text.i2c_nrfx_twim_recover_bus
                0x0000000000002a08       0x3c zephyr/drivers/i2c/libdrivers__i2c.a(i2c_nrfx_twim.c.obj)
 .text.event_handler
                0x0000000000002a44       0x34 zephyr/drivers/i2c/libdrivers__i2c.a(i2c_nrfx_twim.c.obj)
 .text.i2c_nrfx_twim_transfer
                0x0000000000002a78      0x18c zephyr/drivers/i2c/libdrivers__i2c.a(i2c_nrfx_twim.c.obj)
 .text.pinctrl_configure_pins
                0x0000000000002c04      0x14c zephyr/drivers/pinctrl/libdrivers__pinctrl.a(pinctrl_nrf.c.obj)
                0x0000000000002c04                pinctrl_configure_pins
 .text.uarte_nrfx_configure
                0x0000000000002d50      0x17c zephyr/drivers/serial/libdrivers__serial.a(uart_nrfx_uarte.c.obj)
 .text.uarte_0_init
                0x0000000000002ecc       0xec zephyr/drivers/serial/libdrivers__serial.a(uart_nrfx_uarte.c.obj)
 .text.uarte_nrfx_poll_out
                0x0000000000002fb8       0xcc zephyr/drivers/serial/libdrivers__serial.a(uart_nrfx_uarte.c.obj)
 .text.compare_int_lock
                0x0000000000003084       0x40 zephyr/drivers/timer/libdrivers__timer.a(nrf_rtc_timer.c.obj)
 .text.sys_clock_timeout_handler
                0x00000000000030c4       0x48 zephyr/drivers/timer/libdrivers__timer.a(nrf_rtc_timer.c.obj)
 .text.compare_int_unlock
                0x000000000000310c       0x4c zephyr/drivers/timer/libdrivers__timer.a(nrf_rtc_timer.c.obj)
 .text.z_nrf_rtc_timer_read
                0x0000000000003158       0x44 zephyr/drivers/timer/libdrivers__timer.a(nrf_rtc_timer.c.obj)
                0x0000000000003158                z_nrf_rtc_timer_read
 .text.compare_set
                0x000000000000319c      0x114 zephyr/drivers/timer/libdrivers__timer.a(nrf_rtc_timer.c.obj)
 .text.sys_clock_driver_init
                0x00000000000032b0       0x8c zephyr/drivers/timer/libdrivers__timer.a(nrf_rtc_timer.c.obj)
 .text.rtc_nrf_isr
                0x000000000000333c       0xd0 zephyr/drivers/timer/libdrivers__timer.a(nrf_rtc_timer.c.obj)
                0x000000000000333c                rtc_nrf_isr
 .text.sys_clock_set_timeout
                0x000000000000340c       0x64 zephyr/drivers/timer/libdrivers__timer.a(nrf_rtc_timer.c.obj)
                0x000000000000340c                sys_clock_set_timeout
 .text.sys_clock_elapsed
                0x0000000000003470       0x14 zephyr/drivers/timer/libdrivers__timer.a(nrf_rtc_timer.c.obj)
                0x0000000000003470                sys_clock_elapsed
 .text.sys_clock_disable
                0x0000000000003484       0x30 zephyr/drivers/timer/libdrivers__timer.a(nrf_rtc_timer.c.obj)
                0x0000000000003484                sys_clock_disable
 .text.nrf53_errata_42
                0x00000000000034b4       0x24 modules/hal_nordic/nrfx/libmodules__hal_nordic__nrfx.a(system_nrf5340_application.c.obj)
 .text.SystemInit
                0x00000000000034d8      0x1c4 modules/hal_nordic/nrfx/libmodules__hal_nordic__nrfx.a(system_nrf5340_application.c.obj)
                0x00000000000034d8                SystemInit
 .text.nrfx_flag32_alloc
                0x000000000000369c       0x38 modules/hal_nordic/nrfx/libmodules__hal_nordic__nrfx.a(nrfx_flag32_allocator.c.obj)
                0x000000000000369c                nrfx_flag32_alloc
 .text.nrfx_flag32_free
                0x00000000000036d4       0x38 modules/hal_nordic/nrfx/libmodules__hal_nordic__nrfx.a(nrfx_flag32_allocator.c.obj)
                0x00000000000036d4                nrfx_flag32_free
 .text.nrfx_clock_init
                0x000000000000370c       0x20 modules/hal_nordic/nrfx/libmodules__hal_nordic__nrfx.a(nrfx_clock.c.obj)
                0x000000000000370c                nrfx_clock_init
 .text.nrfx_power_clock_irq_handler
                0x000000000000372c       0xb0 modules/hal_nordic/nrfx/libmodules__hal_nordic__nrfx.a(nrfx_clock.c.obj)
                0x000000000000372c                nrfx_power_clock_irq_handler
 .text.nrfx_dppi_channel_alloc
                0x00000000000037dc        0xc modules/hal_nordic/nrfx/libmodules__hal_nordic__nrfx.a(nrfx_dppi.c.obj)
                0x00000000000037dc                nrfx_dppi_channel_alloc
 .text.nrf_gpio_pin_port_decode
                0x00000000000037e8       0x20 modules/hal_nordic/nrfx/libmodules__hal_nordic__nrfx.a(nrfx_gpiote.c.obj)
 .text.pin_in_use_by_te
                0x0000000000003808       0x14 modules/hal_nordic/nrfx/libmodules__hal_nordic__nrfx.a(nrfx_gpiote.c.obj)
 .text.call_handler
                0x000000000000381c       0x3c modules/hal_nordic/nrfx/libmodules__hal_nordic__nrfx.a(nrfx_gpiote.c.obj)
 .text.release_handler
                0x0000000000003858       0x54 modules/hal_nordic/nrfx/libmodules__hal_nordic__nrfx.a(nrfx_gpiote.c.obj)
 .text.pin_handler_trigger_uninit
                0x00000000000038ac       0x3c modules/hal_nordic/nrfx/libmodules__hal_nordic__nrfx.a(nrfx_gpiote.c.obj)
 .text.nrfx_gpiote_input_configure
                0x00000000000038e8      0x15c modules/hal_nordic/nrfx/libmodules__hal_nordic__nrfx.a(nrfx_gpiote.c.obj)
                0x00000000000038e8                nrfx_gpiote_input_configure
 .text.nrfx_gpiote_output_configure
                0x0000000000003a44       0xe8 modules/hal_nordic/nrfx/libmodules__hal_nordic__nrfx.a(nrfx_gpiote.c.obj)
                0x0000000000003a44                nrfx_gpiote_output_configure
 .text.nrfx_gpiote_global_callback_set
                0x0000000000003b2c        0xc modules/hal_nordic/nrfx/libmodules__hal_nordic__nrfx.a(nrfx_gpiote.c.obj)
                0x0000000000003b2c                nrfx_gpiote_global_callback_set
 .text.nrfx_gpiote_channel_get
                0x0000000000003b38       0x2c modules/hal_nordic/nrfx/libmodules__hal_nordic__nrfx.a(nrfx_gpiote.c.obj)
                0x0000000000003b38                nrfx_gpiote_channel_get
 .text.nrfx_gpiote_init
                0x0000000000003b64       0x50 modules/hal_nordic/nrfx/libmodules__hal_nordic__nrfx.a(nrfx_gpiote.c.obj)
                0x0000000000003b64                nrfx_gpiote_init
 .text.nrfx_gpiote_is_init
                0x0000000000003bb4       0x14 modules/hal_nordic/nrfx/libmodules__hal_nordic__nrfx.a(nrfx_gpiote.c.obj)
                0x0000000000003bb4                nrfx_gpiote_is_init
 .text.nrfx_gpiote_channel_free
                0x0000000000003bc8        0xc modules/hal_nordic/nrfx/libmodules__hal_nordic__nrfx.a(nrfx_gpiote.c.obj)
                0x0000000000003bc8                nrfx_gpiote_channel_free
 .text.nrfx_gpiote_channel_alloc
                0x0000000000003bd4        0xc modules/hal_nordic/nrfx/libmodules__hal_nordic__nrfx.a(nrfx_gpiote.c.obj)
                0x0000000000003bd4                nrfx_gpiote_channel_alloc
 .text.nrfx_gpiote_trigger_enable
                0x0000000000003be0       0x8c modules/hal_nordic/nrfx/libmodules__hal_nordic__nrfx.a(nrfx_gpiote.c.obj)
                0x0000000000003be0                nrfx_gpiote_trigger_enable
 .text.nrfx_gpiote_trigger_disable
                0x0000000000003c6c       0x50 modules/hal_nordic/nrfx/libmodules__hal_nordic__nrfx.a(nrfx_gpiote.c.obj)
                0x0000000000003c6c                nrfx_gpiote_trigger_disable
 .text.nrfx_gpiote_pin_uninit
                0x0000000000003cbc       0x50 modules/hal_nordic/nrfx/libmodules__hal_nordic__nrfx.a(nrfx_gpiote.c.obj)
                0x0000000000003cbc                nrfx_gpiote_pin_uninit
 .text.nrfx_gpiote_irq_handler
                0x0000000000003d0c      0x1b0 modules/hal_nordic/nrfx/libmodules__hal_nordic__nrfx.a(nrfx_gpiote.c.obj)
                0x0000000000003d0c                nrfx_gpiote_irq_handler
 .text.nrfx_twim_init
                0x0000000000003ebc      0x13c modules/hal_nordic/nrfx/libmodules__hal_nordic__nrfx.a(nrfx_twim.c.obj)
                0x0000000000003ebc                nrfx_twim_init
 .text.nrfx_twim_enable
                0x0000000000003ff8       0x20 modules/hal_nordic/nrfx/libmodules__hal_nordic__nrfx.a(nrfx_twim.c.obj)
                0x0000000000003ff8                nrfx_twim_enable
 .text.nrfx_twim_disable
                0x0000000000004018       0x3c modules/hal_nordic/nrfx/libmodules__hal_nordic__nrfx.a(nrfx_twim.c.obj)
                0x0000000000004018                nrfx_twim_disable
 .text.nrfx_twim_xfer
                0x0000000000004054      0x318 modules/hal_nordic/nrfx/libmodules__hal_nordic__nrfx.a(nrfx_twim.c.obj)
                0x0000000000004054                nrfx_twim_xfer
 .text.nrfx_twim_1_irq_handler
                0x000000000000436c      0x180 modules/hal_nordic/nrfx/libmodules__hal_nordic__nrfx.a(nrfx_twim.c.obj)
                0x000000000000436c                nrfx_twim_1_irq_handler
 .text.nrf_gpio_pin_port_decode
                0x00000000000044ec       0x20 modules/hal_nordic/nrfx/libmodules__hal_nordic__nrfx.a(nrfx_twi_twim.c.obj)
 .text.nrfx_twi_twim_bus_recover
                0x000000000000450c       0xd4 modules/hal_nordic/nrfx/libmodules__hal_nordic__nrfx.a(nrfx_twi_twim.c.obj)
                0x000000000000450c                nrfx_twi_twim_bus_recover
 .text._DoInit  0x00000000000045e0       0x6c modules/segger/libmodules__segger.a(SEGGER_RTT.c.obj)
 .text.SEGGER_RTT_WriteNoLock
                0x000000000000464c       0x58 modules/segger/libmodules__segger.a(SEGGER_RTT.c.obj)
                0x000000000000464c                SEGGER_RTT_WriteNoLock
 .text.z_sys_init_run_level
                0x00000000000046a4       0x48 zephyr/kernel/libkernel.a(init.c.obj)
 .text.bg_thread_main
                0x00000000000046ec       0x34 zephyr/kernel/libkernel.a(init.c.obj)
 .text.z_bss_zero
                0x0000000000004720       0x18 zephyr/kernel/libkernel.a(init.c.obj)
                0x0000000000004720                z_bss_zero
 .text.z_init_cpu
                0x0000000000004738       0x68 zephyr/kernel/libkernel.a(init.c.obj)
                0x0000000000004738                z_init_cpu
 .text.z_cstart
                0x00000000000047a0       0xdc zephyr/kernel/libkernel.a(init.c.obj)
                0x00000000000047a0                z_cstart
 .text.init_mem_slab_module
                0x000000000000487c       0x24 zephyr/kernel/libkernel.a(mem_slab.c.obj)
 .text.k_mem_slab_alloc
                0x00000000000048a0       0x5c zephyr/kernel/libkernel.a(mem_slab.c.obj)
                0x00000000000048a0                k_mem_slab_alloc
 .text.z_setup_new_thread
                0x00000000000048fc       0x60 zephyr/kernel/libkernel.a(thread.c.obj)
                0x00000000000048fc                z_setup_new_thread
 .text.z_init_static_threads
                0x000000000000495c       0xb8 zephyr/kernel/libkernel.a(thread.c.obj)
                0x000000000000495c                z_init_static_threads
 .text.idle     0x0000000000004a14       0x38 zephyr/kernel/libkernel.a(idle.c.obj)
                0x0000000000004a14                idle
 .text.z_impl_k_mutex_lock
                0x0000000000004a4c       0xf4 zephyr/kernel/libkernel.a(mutex.c.obj)
                0x0000000000004a4c                z_impl_k_mutex_lock
 .text.z_impl_k_mutex_unlock
                0x0000000000004b40       0x78 zephyr/kernel/libkernel.a(mutex.c.obj)
                0x0000000000004b40                z_impl_k_mutex_unlock
 .text.z_impl_k_sem_give
                0x0000000000004bb8       0x40 zephyr/kernel/libkernel.a(sem.c.obj)
                0x0000000000004bb8                z_impl_k_sem_give
 .text.z_impl_k_sem_take
                0x0000000000004bf8       0x50 zephyr/kernel/libkernel.a(sem.c.obj)
                0x0000000000004bf8                z_impl_k_sem_take
 .text.sliceable
                0x0000000000004c48       0x3c zephyr/kernel/libkernel.a(sched.c.obj)
 .text.slice_timeout
                0x0000000000004c84       0x20 zephyr/kernel/libkernel.a(sched.c.obj)
 .text.z_reset_time_slice
                0x0000000000004ca4       0x50 zephyr/kernel/libkernel.a(sched.c.obj)
                0x0000000000004ca4                z_reset_time_slice
 .text.update_cache
                0x0000000000004cf4       0x3c zephyr/kernel/libkernel.a(sched.c.obj)
 .text.move_thread_to_end_of_prio_q
                0x0000000000004d30       0x74 zephyr/kernel/libkernel.a(sched.c.obj)
 .text.ready_thread
                0x0000000000004da4       0x68 zephyr/kernel/libkernel.a(sched.c.obj)
 .text.unready_thread
                0x0000000000004e0c       0x30 zephyr/kernel/libkernel.a(sched.c.obj)
 .text.pend_locked
                0x0000000000004e3c       0x30 zephyr/kernel/libkernel.a(sched.c.obj)
 .text.z_time_slice
                0x0000000000004e6c       0x60 zephyr/kernel/libkernel.a(sched.c.obj)
                0x0000000000004e6c                z_time_slice
 .text.z_pend_curr
                0x0000000000004ecc       0x3c zephyr/kernel/libkernel.a(sched.c.obj)
                0x0000000000004ecc                z_pend_curr
 .text.z_set_prio
                0x0000000000004f08       0x8c zephyr/kernel/libkernel.a(sched.c.obj)
                0x0000000000004f08                z_set_prio
 .text.z_reschedule
                0x0000000000004f94       0x24 zephyr/kernel/libkernel.a(sched.c.obj)
                0x0000000000004f94                z_reschedule
 .text.z_sched_start
                0x0000000000004fb8       0x3c zephyr/kernel/libkernel.a(sched.c.obj)
                0x0000000000004fb8                z_sched_start
 .text.z_impl_k_thread_suspend
                0x0000000000004ff4       0x64 zephyr/kernel/libkernel.a(sched.c.obj)
                0x0000000000004ff4                z_impl_k_thread_suspend
 .text.k_sched_lock
                0x0000000000005058       0x28 zephyr/kernel/libkernel.a(sched.c.obj)
                0x0000000000005058                k_sched_lock
 .text.k_sched_unlock
                0x0000000000005080       0x38 zephyr/kernel/libkernel.a(sched.c.obj)
                0x0000000000005080                k_sched_unlock
 .text.z_sched_init
                0x00000000000050b8       0x10 zephyr/kernel/libkernel.a(sched.c.obj)
                0x00000000000050b8                z_sched_init
 .text.z_impl_k_yield
                0x00000000000050c8       0x7c zephyr/kernel/libkernel.a(sched.c.obj)
                0x00000000000050c8                z_impl_k_yield
 .text.z_tick_sleep
                0x0000000000005144       0x88 zephyr/kernel/libkernel.a(sched.c.obj)
 .text.z_impl_k_sleep
                0x00000000000051cc       0x34 zephyr/kernel/libkernel.a(sched.c.obj)
                0x00000000000051cc                z_impl_k_sleep
 .text.z_impl_z_current_get
                0x0000000000005200        0xc zephyr/kernel/libkernel.a(sched.c.obj)
                0x0000000000005200                z_impl_z_current_get
 .text.z_thread_abort
                0x000000000000520c       0xc0 zephyr/kernel/libkernel.a(sched.c.obj)
                0x000000000000520c                z_thread_abort
 .text.z_data_copy
                0x00000000000052cc       0x34 zephyr/kernel/libkernel.a(xip.c.obj)
                0x00000000000052cc                z_data_copy
 .text.elapsed  0x0000000000005300       0x14 zephyr/kernel/libkernel.a(timeout.c.obj)
 .text.next_timeout
                0x0000000000005314       0x40 zephyr/kernel/libkernel.a(timeout.c.obj)
 .text.remove_timeout
                0x0000000000005354       0x38 zephyr/kernel/libkernel.a(timeout.c.obj)
 .text.z_add_timeout
                0x000000000000538c       0xec zephyr/kernel/libkernel.a(timeout.c.obj)
                0x000000000000538c                z_add_timeout
 .text.sys_clock_announce
                0x0000000000005478       0xd4 zephyr/kernel/libkernel.a(timeout.c.obj)
                0x0000000000005478                sys_clock_announce
 .text.sys_clock_tick_get
                0x000000000000554c       0x34 zephyr/kernel/libkernel.a(timeout.c.obj)
                0x000000000000554c                sys_clock_tick_get
 .text.boot_banner
                0x0000000000005580        0xc zephyr/kernel/libkernel.a(banner.c.obj)
                0x0000000000005580                boot_banner
 .text.nrf_cc3xx_platform_init_no_rng
                0x000000000000558c       0x38 C:/ncs/v2.4.0/nrfxlib/crypto/nrf_cc312_platform/lib/cortex-m33/soft-float/no-interrupts/libnrf_cc312_platform_0.9.17.a(nrf_cc3xx_platform.c.obj)
                0x000000000000558c                nrf_cc3xx_platform_init_no_rng
 .text.nrf_cc3xx_platform_abort
                0x00000000000055c4       0x24 C:/ncs/v2.4.0/nrfxlib/crypto/nrf_cc312_platform/lib/cortex-m33/soft-float/no-interrupts/libnrf_cc312_platform_0.9.17.a(nrf_cc3xx_platform_abort.c.obj)
 .text.CC_PalAbort
                0x00000000000055e8       0x44 C:/ncs/v2.4.0/nrfxlib/crypto/nrf_cc312_platform/lib/cortex-m33/soft-float/no-interrupts/libnrf_cc312_platform_0.9.17.a(nrf_cc3xx_platform_abort.c.obj)
                0x00000000000055e8                CC_PalAbort
 .text.nrf_cc3xx_platform_set_abort
                0x000000000000562c       0x10 C:/ncs/v2.4.0/nrfxlib/crypto/nrf_cc312_platform/lib/cortex-m33/soft-float/no-interrupts/libnrf_cc312_platform_0.9.17.a(nrf_cc3xx_platform_abort.c.obj)
                0x000000000000562c                nrf_cc3xx_platform_set_abort
 .text.mutex_free
                0x000000000000563c       0x34 C:/ncs/v2.4.0/nrfxlib/crypto/nrf_cc312_platform/lib/cortex-m33/soft-float/no-interrupts/libnrf_cc312_platform_0.9.17.a(nrf_cc3xx_platform_mutex.c.obj)
 .text.mutex_lock
                0x0000000000005670       0x48 C:/ncs/v2.4.0/nrfxlib/crypto/nrf_cc312_platform/lib/cortex-m33/soft-float/no-interrupts/libnrf_cc312_platform_0.9.17.a(nrf_cc3xx_platform_mutex.c.obj)
 .text.mutex_unlock
                0x00000000000056b8       0x38 C:/ncs/v2.4.0/nrfxlib/crypto/nrf_cc312_platform/lib/cortex-m33/soft-float/no-interrupts/libnrf_cc312_platform_0.9.17.a(nrf_cc3xx_platform_mutex.c.obj)
 .text.mutex_init
                0x00000000000056f0       0x20 C:/ncs/v2.4.0/nrfxlib/crypto/nrf_cc312_platform/lib/cortex-m33/soft-float/no-interrupts/libnrf_cc312_platform_0.9.17.a(nrf_cc3xx_platform_mutex.c.obj)
 .text.nrf_cc3xx_platform_set_mutexes
                0x0000000000005710       0x78 C:/ncs/v2.4.0/nrfxlib/crypto/nrf_cc312_platform/lib/cortex-m33/soft-float/no-interrupts/libnrf_cc312_platform_0.9.17.a(nrf_cc3xx_platform_mutex.c.obj)
                0x0000000000005710                nrf_cc3xx_platform_set_mutexes
 .text.CC_LibInitNoRng
                0x0000000000005788       0x28 C:/ncs/v2.4.0/nrfxlib/crypto/nrf_cc312_platform/lib/cortex-m33/soft-float/no-interrupts/libnrf_cc312_platform_0.9.17.a(cc_lib.c.obj)
                0x0000000000005788                CC_LibInitNoRng
 .text.CC_HalInit
                0x00000000000057b0        0x4 C:/ncs/v2.4.0/nrfxlib/crypto/nrf_cc312_platform/lib/cortex-m33/soft-float/no-interrupts/libnrf_cc312_platform_0.9.17.a(cc_hal.c.obj)
                0x00000000000057b0                CC_HalInit
 .text.CC_PalInit
                0x00000000000057b4       0x5c C:/ncs/v2.4.0/nrfxlib/crypto/nrf_cc312_platform/lib/cortex-m33/soft-float/no-interrupts/libnrf_cc312_platform_0.9.17.a(cc_pal.c.obj)
                0x00000000000057b4                CC_PalInit
 .text.CC_PalTerminate
                0x0000000000005810       0x34 C:/ncs/v2.4.0/nrfxlib/crypto/nrf_cc312_platform/lib/cortex-m33/soft-float/no-interrupts/libnrf_cc312_platform_0.9.17.a(cc_pal.c.obj)
                0x0000000000005810                CC_PalTerminate
 .text.CC_PalDmaInit
                0x0000000000005844        0x4 C:/ncs/v2.4.0/nrfxlib/crypto/nrf_cc312_platform/lib/cortex-m33/soft-float/no-interrupts/libnrf_cc312_platform_0.9.17.a(cc_pal_dma.c.obj)
                0x0000000000005844                CC_PalDmaInit
 .text.CC_PalDmaTerminate
                0x0000000000005848        0x4 C:/ncs/v2.4.0/nrfxlib/crypto/nrf_cc312_platform/lib/cortex-m33/soft-float/no-interrupts/libnrf_cc312_platform_0.9.17.a(cc_pal_dma.c.obj)
                0x0000000000005848                CC_PalDmaTerminate
 .text.CC_PalMutexCreate
                0x000000000000584c       0x14 C:/ncs/v2.4.0/nrfxlib/crypto/nrf_cc312_platform/lib/cortex-m33/soft-float/no-interrupts/libnrf_cc312_platform_0.9.17.a(cc_pal_mutex.c.obj)
                0x000000000000584c                CC_PalMutexCreate
 .text.CC_PalMutexDestroy
                0x0000000000005860       0x14 C:/ncs/v2.4.0/nrfxlib/crypto/nrf_cc312_platform/lib/cortex-m33/soft-float/no-interrupts/libnrf_cc312_platform_0.9.17.a(cc_pal_mutex.c.obj)
                0x0000000000005860                CC_PalMutexDestroy
 .text.CC_PalPowerSaveModeInit
                0x0000000000005874       0x3c C:/ncs/v2.4.0/nrfxlib/crypto/nrf_cc312_platform/lib/cortex-m33/soft-float/no-interrupts/libnrf_cc312_platform_0.9.17.a(cc_pal_pm.c.obj)
                0x0000000000005874                CC_PalPowerSaveModeInit
 .text.decimal_to_bcd
                0x00000000000058b0       0x12 app/libapp.a(main.c.obj)
                0x00000000000058b0                decimal_to_bcd
 .text.bcd_to_decimal
                0x00000000000058c2       0x12 app/libapp.a(main.c.obj)
                0x00000000000058c2                bcd_to_decimal
 .text.arch_printk_char_out
                0x00000000000058d4        0x4 zephyr/libzephyr.a(printk.c.obj)
                0x00000000000058d4                arch_printk_char_out
 .text.printk   0x00000000000058d8       0x1a zephyr/libzephyr.a(printk.c.obj)
                0x00000000000058d8                printk
 .text.z_thread_entry
                0x00000000000058f2       0x14 zephyr/libzephyr.a(thread_entry.c.obj)
                0x00000000000058f2                z_thread_entry
 .text.process_recheck
                0x0000000000005906       0x38 zephyr/libzephyr.a(onoff.c.obj)
 .text.validate_args
                0x000000000000593e       0x20 zephyr/libzephyr.a(onoff.c.obj)
 .text.notify_one
                0x000000000000595e       0x2c zephyr/libzephyr.a(onoff.c.obj)
 .text.transition_complete
                0x000000000000598a       0x1c zephyr/libzephyr.a(onoff.c.obj)
 .text.onoff_manager_init
                0x00000000000059a6       0x26 zephyr/libzephyr.a(onoff.c.obj)
                0x00000000000059a6                onoff_manager_init
 .text.onoff_request
                0x00000000000059cc       0xb0 zephyr/libzephyr.a(onoff.c.obj)
                0x00000000000059cc                onoff_request
 .text.sys_notify_validate
                0x0000000000005a7c       0x22 zephyr/libzephyr.a(notify.c.obj)
                0x0000000000005a7c                sys_notify_validate
 .text.sys_notify_finalize
                0x0000000000005a9e       0x1a zephyr/libzephyr.a(notify.c.obj)
                0x0000000000005a9e                sys_notify_finalize
 .text._ldiv5   0x0000000000005ab8       0x30 zephyr/libzephyr.a(cbprintf_complete.c.obj)
 .text._get_digit
                0x0000000000005ae8       0x2e zephyr/libzephyr.a(cbprintf_complete.c.obj)
 .text.encode_uint
                0x0000000000005b16       0x8c zephyr/libzephyr.a(cbprintf_complete.c.obj)
 .text.outs     0x0000000000005ba2       0x2e zephyr/libzephyr.a(cbprintf_complete.c.obj)
 .text._ConfigAbsSyms
                0x0000000000005bd0        0x2 zephyr/libzephyr.a(configs.c.obj)
                0x0000000000005bd0                _ConfigAbsSyms
 .text.pm_state_exit_post_ops
                0x0000000000005bd2        0xc zephyr/libzephyr.a(power.c.obj)
                0x0000000000005bd2                pm_state_exit_post_ops
 .text.abort_function
                0x0000000000005bde        0x8 zephyr/libzephyr.a(nrf_cc3xx_platform_abort_zephyr.c.obj)
 .text.z_arm_fatal_error
                0x0000000000005be6        0x4 zephyr/arch/arch/arm/core/aarch32/libarch__arm__core__aarch32.a(fatal.c.obj)
                0x0000000000005be6                z_arm_fatal_error
 .text.z_do_kernel_oops
                0x0000000000005bea        0x8 zephyr/arch/arch/arm/core/aarch32/libarch__arm__core__aarch32.a(fatal.c.obj)
                0x0000000000005bea                z_do_kernel_oops
 .text.z_irq_spurious
                0x0000000000005bf2        0x8 zephyr/arch/arch/arm/core/aarch32/libarch__arm__core__aarch32.a(irq_manage.c.obj)
                0x0000000000005bf2                z_irq_spurious
 .text.z_arm_nmi
                0x0000000000005bfa        0xe zephyr/arch/arch/arm/core/aarch32/libarch__arm__core__aarch32.a(nmi.c.obj)
                0x0000000000005bfa                z_arm_nmi
 .text.configure_builtin_stack_guard
                0x0000000000005c08        0x8 zephyr/arch/arch/arm/core/aarch32/libarch__arm__core__aarch32.a(thread.c.obj)
                0x0000000000005c08                configure_builtin_stack_guard
 .text.arm_cmse_mpu_region_get
                0x0000000000005c10       0x12 zephyr/arch/arch/arm/core/aarch32/cortex_m/cmse/libarch__arm__core__aarch32__cortex_m__cmse.a(arm_core_cmse.c.obj)
                0x0000000000005c10                arm_cmse_mpu_region_get
 .text.mpu_configure_region
                0x0000000000005c22       0x3a zephyr/arch/arch/arm/core/aarch32/mpu/libarch__arm__core__aarch32__mpu.a(arm_mpu.c.obj)
 .text.strcpy   0x0000000000005c5c       0x14 zephyr/lib/libc/minimal/liblib__libc__minimal.a(string.c.obj)
                0x0000000000005c5c                strcpy
 .text.strlen   0x0000000000005c70        0xe zephyr/lib/libc/minimal/liblib__libc__minimal.a(string.c.obj)
                0x0000000000005c70                strlen
 .text.strnlen  0x0000000000005c7e       0x12 zephyr/lib/libc/minimal/liblib__libc__minimal.a(string.c.obj)
                0x0000000000005c7e                strnlen
 .text.memcpy   0x0000000000005c90       0x16 zephyr/lib/libc/minimal/liblib__libc__minimal.a(string.c.obj)
                0x0000000000005c90                memcpy
 .text.memset   0x0000000000005ca6       0x12 zephyr/lib/libc/minimal/liblib__libc__minimal.a(string.c.obj)
                0x0000000000005ca6                memset
 .text._stdout_hook_default
                0x0000000000005cb8        0x6 zephyr/lib/libc/minimal/liblib__libc__minimal.a(stdout_console.c.obj)
 .text.get_status
                0x0000000000005cbe       0x12 zephyr/drivers/clock_control/libdrivers__clock_control.a(clock_control_nrf.c.obj)
 .text.set_on_state
                0x0000000000005cd0       0x26 zephyr/drivers/clock_control/libdrivers__clock_control.a(clock_control_nrf.c.obj)
 .text.stop     0x0000000000005cf6       0x54 zephyr/drivers/clock_control/libdrivers__clock_control.a(clock_control_nrf.c.obj)
 .text.api_stop
                0x0000000000005d4a        0x6 zephyr/drivers/clock_control/libdrivers__clock_control.a(clock_control_nrf.c.obj)
 .text.async_start
                0x0000000000005d50       0x5e zephyr/drivers/clock_control/libdrivers__clock_control.a(clock_control_nrf.c.obj)
 .text.api_start
                0x0000000000005dae        0xe zephyr/drivers/clock_control/libdrivers__clock_control.a(clock_control_nrf.c.obj)
 .text.onoff_started_callback
                0x0000000000005dbc       0x12 zephyr/drivers/clock_control/libdrivers__clock_control.a(clock_control_nrf.c.obj)
 .text.hfclkaudio_start
                0x0000000000005dce        0x6 zephyr/drivers/clock_control/libdrivers__clock_control.a(clock_control_nrf.c.obj)
 .text.hfclk192m_start
                0x0000000000005dd4        0x6 zephyr/drivers/clock_control/libdrivers__clock_control.a(clock_control_nrf.c.obj)
 .text.lfclk_start
                0x0000000000005dda        0x6 zephyr/drivers/clock_control/libdrivers__clock_control.a(clock_control_nrf.c.obj)
 .text.hfclkaudio_stop
                0x0000000000005de0        0x6 zephyr/drivers/clock_control/libdrivers__clock_control.a(clock_control_nrf.c.obj)
 .text.hfclk192m_stop
                0x0000000000005de6        0x6 zephyr/drivers/clock_control/libdrivers__clock_control.a(clock_control_nrf.c.obj)
 .text.lfclk_stop
                0x0000000000005dec        0x6 zephyr/drivers/clock_control/libdrivers__clock_control.a(clock_control_nrf.c.obj)
 .text.blocking_start_callback
                0x0000000000005df2        0x6 zephyr/drivers/clock_control/libdrivers__clock_control.a(clock_control_nrf.c.obj)
 .text.gpio_nrfx_port_get_raw
                0x0000000000005df8        0xc zephyr/drivers/gpio/libdrivers__gpio.a(gpio_nrfx.c.obj)
 .text.gpio_nrfx_port_set_masked_raw
                0x0000000000005e04       0x14 zephyr/drivers/gpio/libdrivers__gpio.a(gpio_nrfx.c.obj)
 .text.gpio_nrfx_port_set_bits_raw
                0x0000000000005e18        0xa zephyr/drivers/gpio/libdrivers__gpio.a(gpio_nrfx.c.obj)
 .text.gpio_nrfx_port_clear_bits_raw
                0x0000000000005e22        0xa zephyr/drivers/gpio/libdrivers__gpio.a(gpio_nrfx.c.obj)
 .text.gpio_nrfx_port_toggle_bits
                0x0000000000005e2c       0x14 zephyr/drivers/gpio/libdrivers__gpio.a(gpio_nrfx.c.obj)
 .text.gpio_nrfx_manage_callback
                0x0000000000005e40       0x52 zephyr/drivers/gpio/libdrivers__gpio.a(gpio_nrfx.c.obj)
 .text.i2c_nrfx_twim_configure
                0x0000000000005e92       0x3a zephyr/drivers/i2c/libdrivers__i2c.a(i2c_nrfx_twim.c.obj)
 .text.irq_connect1
                0x0000000000005ecc        0xa zephyr/drivers/i2c/libdrivers__i2c.a(i2c_nrfx_twim.c.obj)
 .text.pinctrl_apply_state.constprop.0
                0x0000000000005ed6       0x20 zephyr/drivers/i2c/libdrivers__i2c.a(i2c_nrfx_twim.c.obj)
 .text.pinctrl_lookup_state
                0x0000000000005ef6       0x26 zephyr/drivers/pinctrl/libdrivers__pinctrl.a(common.c.obj)
                0x0000000000005ef6                pinctrl_lookup_state
 .text.uarte_nrfx_config_get
                0x0000000000005f1c       0x10 zephyr/drivers/serial/libdrivers__serial.a(uart_nrfx_uarte.c.obj)
 .text.uarte_nrfx_err_check
                0x0000000000005f2c        0xe zephyr/drivers/serial/libdrivers__serial.a(uart_nrfx_uarte.c.obj)
 .text.uarte_nrfx_poll_in
                0x0000000000005f3a       0x28 zephyr/drivers/serial/libdrivers__serial.a(uart_nrfx_uarte.c.obj)
 .text.is_tx_ready.isra.0
                0x0000000000005f62       0x20 zephyr/drivers/serial/libdrivers__serial.a(uart_nrfx_uarte.c.obj)
 .text.uarte_nrfx_isr_int
                0x0000000000005f82       0x72 zephyr/drivers/serial/libdrivers__serial.a(uart_nrfx_uarte.c.obj)
 .text.sys_clock_idle_exit
                0x0000000000005ff4        0x2 zephyr/drivers/timer/libdrivers__timer.a(sys_clock_init.c.obj)
                0x0000000000005ff4                sys_clock_idle_exit
 .text.event_clear
                0x0000000000005ff6       0x18 zephyr/drivers/timer/libdrivers__timer.a(nrf_rtc_timer.c.obj)
 .text.sys_clock_cycle_get_32
                0x000000000000600e        0x8 zephyr/drivers/timer/libdrivers__timer.a(nrf_rtc_timer.c.obj)
                0x000000000000600e                sys_clock_cycle_get_32
 .text.k_sys_fatal_error_handler
                0x0000000000006016        0x8 modules/nrf/lib/fatal_error/lib..__nrf__lib__fatal_error.a(fatal_error.c.obj)
                0x0000000000006016                k_sys_fatal_error_handler
 .text.hw_cc3xx_init_internal
                0x000000000000601e        0x4 modules/nrf/drivers/hw_cc310/lib..__nrf__drivers__hw_cc310.a(hw_cc310.c.obj)
 .text.hw_cc3xx_init
                0x0000000000006022       0x12 modules/nrf/drivers/hw_cc310/lib..__nrf__drivers__hw_cc310.a(hw_cc310.c.obj)
 .text.nrfx_isr
                0x0000000000006034        0x2 modules/hal_nordic/nrfx/libmodules__hal_nordic__nrfx.a(nrfx_glue.c.obj)
                0x0000000000006034                nrfx_isr
 .text.nrfx_busy_wait
                0x0000000000006036        0x4 modules/hal_nordic/nrfx/libmodules__hal_nordic__nrfx.a(nrfx_glue.c.obj)
                0x0000000000006036                nrfx_busy_wait
 .text.clock_stop
                0x000000000000603a      0x186 modules/hal_nordic/nrfx/libmodules__hal_nordic__nrfx.a(nrfx_clock.c.obj)
 .text.nrfx_clock_enable
                0x00000000000061c0       0x24 modules/hal_nordic/nrfx/libmodules__hal_nordic__nrfx.a(nrfx_clock.c.obj)
                0x00000000000061c0                nrfx_clock_enable
 .text.nrfx_clock_start
                0x00000000000061e4       0xbe modules/hal_nordic/nrfx/libmodules__hal_nordic__nrfx.a(nrfx_clock.c.obj)
                0x00000000000061e4                nrfx_clock_start
 .text.nrfx_clock_stop
                0x00000000000062a2        0x4 modules/hal_nordic/nrfx/libmodules__hal_nordic__nrfx.a(nrfx_clock.c.obj)
                0x00000000000062a2                nrfx_clock_stop
 .text.nrf_gpio_reconfigure
                0x00000000000062a6       0x92 modules/hal_nordic/nrfx/libmodules__hal_nordic__nrfx.a(nrfx_gpiote.c.obj)
 .text.nrf_gpio_cfg_sense_set
                0x0000000000006338       0x1e modules/hal_nordic/nrfx/libmodules__hal_nordic__nrfx.a(nrfx_gpiote.c.obj)
 .text.xfer_completeness_check
                0x0000000000006356       0x60 modules/hal_nordic/nrfx/libmodules__hal_nordic__nrfx.a(nrfx_twim.c.obj)
 .text.nrf_gpio_pin_set
                0x00000000000063b6       0x18 modules/hal_nordic/nrfx/libmodules__hal_nordic__nrfx.a(nrfx_twi_twim.c.obj)
 .text._GetAvailWriteSpace
                0x00000000000063ce       0x12 modules/segger/libmodules__segger.a(SEGGER_RTT.c.obj)
 .text._WriteNoCheck
                0x00000000000063e0       0x3a modules/segger/libmodules__segger.a(SEGGER_RTT.c.obj)
 .text._WriteBlocking
                0x000000000000641a       0x58 modules/segger/libmodules__segger.a(SEGGER_RTT.c.obj)
 .text.SEGGER_RTT_Init
                0x0000000000006472        0x4 modules/segger/libmodules__segger.a(SEGGER_RTT.c.obj)
                0x0000000000006472                SEGGER_RTT_Init
 .text.rtt_init
                0x0000000000006476        0xa modules/segger/libmodules__segger.a(SEGGER_RTT_zephyr.c.obj)
 .text.z_device_state_init
                0x0000000000006480        0x2 zephyr/kernel/libkernel.a(device.c.obj)
                0x0000000000006480                z_device_state_init
 .text.z_device_is_ready
                0x0000000000006482       0x16 zephyr/kernel/libkernel.a(device.c.obj)
                0x0000000000006482                z_device_is_ready
 .text.z_fatal_error
                0x0000000000006498       0x36 zephyr/kernel/libkernel.a(fatal.c.obj)
                0x0000000000006498                z_fatal_error
 .text.z_early_memset
                0x00000000000064ce        0x4 zephyr/kernel/libkernel.a(init.c.obj)
                0x00000000000064ce                z_early_memset
 .text.z_early_memcpy
                0x00000000000064d2        0x4 zephyr/kernel/libkernel.a(init.c.obj)
                0x00000000000064d2                z_early_memcpy
 .text.create_free_list
                0x00000000000064d6       0x2c zephyr/kernel/libkernel.a(mem_slab.c.obj)
 .text.k_mem_slab_init
                0x0000000000006502       0x1c zephyr/kernel/libkernel.a(mem_slab.c.obj)
                0x0000000000006502                k_mem_slab_init
 .text.k_mem_slab_free
                0x000000000000651e       0x52 zephyr/kernel/libkernel.a(mem_slab.c.obj)
                0x000000000000651e                k_mem_slab_free
 .text.k_is_in_isr
                0x0000000000006570        0xc zephyr/kernel/libkernel.a(thread.c.obj)
                0x0000000000006570                k_is_in_isr
 .text.z_pm_save_idle_exit
                0x000000000000657c        0xe zephyr/kernel/libkernel.a(idle.c.obj)
                0x000000000000657c                z_pm_save_idle_exit
 .text.adjust_owner_prio.isra.0
                0x000000000000658a       0x10 zephyr/kernel/libkernel.a(mutex.c.obj)
 .text.z_impl_k_mutex_init
                0x000000000000659a        0xe zephyr/kernel/libkernel.a(mutex.c.obj)
                0x000000000000659a                z_impl_k_mutex_init
 .text.sys_dlist_remove
                0x00000000000065a8       0x10 zephyr/kernel/libkernel.a(sched.c.obj)
 .text.unpend_thread_no_timeout
                0x00000000000065b8       0x14 zephyr/kernel/libkernel.a(sched.c.obj)
 .text.add_to_waitq_locked
                0x00000000000065cc       0x50 zephyr/kernel/libkernel.a(sched.c.obj)
 .text.z_ready_thread
                0x000000000000661c       0x20 zephyr/kernel/libkernel.a(sched.c.obj)
                0x000000000000661c                z_ready_thread
 .text.z_sched_wake_thread
                0x000000000000663c       0x44 zephyr/kernel/libkernel.a(sched.c.obj)
                0x000000000000663c                z_sched_wake_thread
 .text.z_thread_timeout
                0x0000000000006680        0x8 zephyr/kernel/libkernel.a(sched.c.obj)
                0x0000000000006680                z_thread_timeout
 .text.z_unpend_first_thread
                0x0000000000006688       0x38 zephyr/kernel/libkernel.a(sched.c.obj)
                0x0000000000006688                z_unpend_first_thread
 .text.z_reschedule_irqlock
                0x00000000000066c0       0x18 zephyr/kernel/libkernel.a(sched.c.obj)
                0x00000000000066c0                z_reschedule_irqlock
 .text.z_reschedule_unlocked
                0x00000000000066d8       0x14 zephyr/kernel/libkernel.a(sched.c.obj)
 .text.z_abort_timeout
                0x00000000000066ec       0x2c zephyr/kernel/libkernel.a(timeout.c.obj)
                0x00000000000066ec                z_abort_timeout
 .text.z_get_next_timeout_expiry
                0x0000000000006718       0x20 zephyr/kernel/libkernel.a(timeout.c.obj)
                0x0000000000006718                z_get_next_timeout_expiry
 .text.sys_clock_tick_get_32
                0x0000000000006738        0x8 zephyr/kernel/libkernel.a(timeout.c.obj)
                0x0000000000006738                sys_clock_tick_get_32
 .text.z_impl_k_busy_wait
                0x0000000000006740        0x8 zephyr/kernel/libkernel.a(timeout.c.obj)
                0x0000000000006740                z_impl_k_busy_wait
 .text._OffsetAbsSyms
                0x0000000000006748        0x2 zephyr/CMakeFiles/offsets.dir/./arch/arm/core/offsets/offsets.c.obj
                0x0000000000006748                _OffsetAbsSyms
 *(SORT_BY_ALIGNMENT(.TEXT.*))
 *(SORT_BY_ALIGNMENT(.gnu.linkonce.t.*))
 *(SORT_BY_ALIGNMENT(.glue_7t))
 .glue_7t       0x000000000000674a        0x0 linker stubs
 *(SORT_BY_ALIGNMENT(.glue_7))
 .glue_7        0x000000000000674a        0x0 linker stubs
 *(SORT_BY_ALIGNMENT(.vfp11_veneer))
 .vfp11_veneer  0x000000000000674a        0x0 linker stubs
 *(SORT_BY_ALIGNMENT(.v4_bx))
 .v4_bx         0x000000000000674a        0x0 linker stubs
                0x000000000000674c                . = ALIGN (0x4)
 *fill*         0x000000000000674a        0x2 
                0x000000000000674c                __text_region_end = .

.ARM.exidx      0x000000000000674c        0x8
                0x000000000000674c                __exidx_start = .
 *(SORT_BY_ALIGNMENT(.ARM.exidx*) SORT_BY_ALIGNMENT(gnu.linkonce.armexidx.*))
 .ARM.exidx     0x000000000000674c        0x8 c:/ncs/toolchains/31f4403e35/opt/zephyr-sdk/arm-zephyr-eabi/bin/../lib/gcc/arm-zephyr-eabi/12.2.0/thumb/v8-m.main/nofp\libgcc.a(_udivmoddi4.o)
                0x0000000000006754                __exidx_end = .
                0x0000000000006754                __rodata_region_start = .

initlevel       0x0000000000006754       0x60
                0x0000000000006754                __init_start = .
                0x0000000000006754                __init_EARLY_start = .
 *(SORT_BY_NAME(SORT_BY_ALIGNMENT(.z_init_EARLY[0-9]_*)))
 *(SORT_BY_NAME(SORT_BY_ALIGNMENT(.z_init_EARLY[1-9][0-9]_*)))
                0x0000000000006754                __init_PRE_KERNEL_1_start = .
 *(SORT_BY_NAME(SORT_BY_ALIGNMENT(.z_init_PRE_KERNEL_1[0-9]_*)))
 .z_init_PRE_KERNEL_10_
                0x0000000000006754        0x8 zephyr/libzephyr.a(soc.c.obj)
 *(SORT_BY_NAME(SORT_BY_ALIGNMENT(.z_init_PRE_KERNEL_1[1-9][0-9]_*)))
 .z_init_PRE_KERNEL_130_
                0x000000000000675c        0x8 zephyr/drivers/clock_control/libdrivers__clock_control.a(clock_control_nrf.c.obj)
 .z_init_PRE_KERNEL_130_
                0x0000000000006764        0x8 modules/segger/libmodules__segger.a(SEGGER_RTT_zephyr.c.obj)
 .z_init_PRE_KERNEL_130_
                0x000000000000676c        0x8 zephyr/kernel/libkernel.a(mem_slab.c.obj)
 .z_init_PRE_KERNEL_140_
                0x0000000000006774        0x8 zephyr/drivers/console/libdrivers__console.a(rtt_console.c.obj)
 .z_init_PRE_KERNEL_140_
                0x000000000000677c       0x10 zephyr/drivers/gpio/libdrivers__gpio.a(gpio_nrfx.c.obj)
 .z_init_PRE_KERNEL_140_
                0x000000000000678c        0x8 modules/nrf/drivers/hw_cc310/lib..__nrf__drivers__hw_cc310.a(hw_cc310.c.obj)
 .z_init_PRE_KERNEL_155_
                0x0000000000006794        0x8 zephyr/drivers/serial/libdrivers__serial.a(uart_nrfx_uarte.c.obj)
                0x000000000000679c                __init_PRE_KERNEL_2_start = .
 *(SORT_BY_NAME(SORT_BY_ALIGNMENT(.z_init_PRE_KERNEL_2[0-9]_*)))
 .z_init_PRE_KERNEL_20_
                0x000000000000679c        0x8 zephyr/drivers/timer/libdrivers__timer.a(nrf_rtc_timer.c.obj)
 *(SORT_BY_NAME(SORT_BY_ALIGNMENT(.z_init_PRE_KERNEL_2[1-9][0-9]_*)))
                0x00000000000067a4                __init_POST_KERNEL_start = .
 *(SORT_BY_NAME(SORT_BY_ALIGNMENT(.z_init_POST_KERNEL[0-9]_*)))
 *(SORT_BY_NAME(SORT_BY_ALIGNMENT(.z_init_POST_KERNEL[1-9][0-9]_*)))
 .z_init_POST_KERNEL40_
                0x00000000000067a4        0x8 modules/nrf/drivers/hw_cc310/lib..__nrf__drivers__hw_cc310.a(hw_cc310.c.obj)
 .z_init_POST_KERNEL50_
                0x00000000000067ac        0x8 zephyr/drivers/i2c/libdrivers__i2c.a(i2c_nrfx_twim.c.obj)
                0x00000000000067b4                __init_APPLICATION_start = .
 *(SORT_BY_NAME(SORT_BY_ALIGNMENT(.z_init_APPLICATION[0-9]_*)))
 *(SORT_BY_NAME(SORT_BY_ALIGNMENT(.z_init_APPLICATION[1-9][0-9]_*)))
                0x00000000000067b4                __init_SMP_start = .
 *(SORT_BY_NAME(SORT_BY_ALIGNMENT(.z_init_SMP[0-9]_*)))
 *(SORT_BY_NAME(SORT_BY_ALIGNMENT(.z_init_SMP[1-9][0-9]_*)))
                0x00000000000067b4                __init_end = .

devices         0x00000000000067b4       0x78
                0x00000000000067b4                __device_start = .
                0x00000000000067b4                __device_EARLY_start = .
 *(SORT_BY_NAME(SORT_BY_ALIGNMENT(.z_device_EARLY[0-9]_*)))
 *(SORT_BY_NAME(SORT_BY_ALIGNMENT(.z_device_EARLY[1-9][0-9]_*)))
                0x00000000000067b4                __device_PRE_KERNEL_1_start = .
 *(SORT_BY_NAME(SORT_BY_ALIGNMENT(.z_device_PRE_KERNEL_1[0-9]_*)))
 *(SORT_BY_NAME(SORT_BY_ALIGNMENT(.z_device_PRE_KERNEL_1[1-9][0-9]_*)))
 .z_device_PRE_KERNEL_130_
                0x00000000000067b4       0x18 zephyr/drivers/clock_control/libdrivers__clock_control.a(clock_control_nrf.c.obj)
                0x00000000000067b4                __device_dts_ord_76
 .z_device_PRE_KERNEL_140_
                0x00000000000067cc       0x30 zephyr/drivers/gpio/libdrivers__gpio.a(gpio_nrfx.c.obj)
                0x00000000000067cc                __device_dts_ord_30
                0x00000000000067e4                __device_dts_ord_9
 .z_device_PRE_KERNEL_155_
                0x00000000000067fc       0x18 zephyr/drivers/serial/libdrivers__serial.a(uart_nrfx_uarte.c.obj)
                0x00000000000067fc                __device_dts_ord_115
                0x0000000000006814                __device_PRE_KERNEL_2_start = .
 *(SORT_BY_NAME(SORT_BY_ALIGNMENT(.z_device_PRE_KERNEL_2[0-9]_*)))
 *(SORT_BY_NAME(SORT_BY_ALIGNMENT(.z_device_PRE_KERNEL_2[1-9][0-9]_*)))
                0x0000000000006814                __device_POST_KERNEL_start = .
 *(SORT_BY_NAME(SORT_BY_ALIGNMENT(.z_device_POST_KERNEL[0-9]_*)))
 *(SORT_BY_NAME(SORT_BY_ALIGNMENT(.z_device_POST_KERNEL[1-9][0-9]_*)))
 .z_device_POST_KERNEL50_
                0x0000000000006814       0x18 zephyr/drivers/i2c/libdrivers__i2c.a(i2c_nrfx_twim.c.obj)
                0x0000000000006814                __device_dts_ord_132
                0x000000000000682c                __device_APPLICATION_start = .
 *(SORT_BY_NAME(SORT_BY_ALIGNMENT(.z_device_APPLICATION[0-9]_*)))
 *(SORT_BY_NAME(SORT_BY_ALIGNMENT(.z_device_APPLICATION[1-9][0-9]_*)))
                0x000000000000682c                __device_SMP_start = .
 *(SORT_BY_NAME(SORT_BY_ALIGNMENT(.z_device_SMP[0-9]_*)))
 *(SORT_BY_NAME(SORT_BY_ALIGNMENT(.z_device_SMP[1-9][0-9]_*)))
                0x000000000000682c                __device_end = .

sw_isr_table    0x000000000000682c      0x228
                0x000000000000682c                . = ALIGN (0x4)
 *(SORT_BY_ALIGNMENT(.gnu.linkonce.sw_isr_table*))
 .gnu.linkonce.sw_isr_table
                0x000000000000682c      0x228 zephyr/CMakeFiles/zephyr_final.dir/isr_tables.c.obj
                0x000000000000682c                _sw_isr_table

initlevel_error
                0x0000000000006754        0x0
 *(SORT_BY_NAME(SORT_BY_ALIGNMENT(.z_init_[_A-Z0-9]*)))
                0x0000000000000001                ASSERT ((SIZEOF (initlevel_error) == 0x0), Undefined initialization levels used.)

app_shmem_regions
                0x0000000000006a54        0x0
                0x0000000000006a54                __app_shmem_regions_start = .
 *(SORT_BY_NAME(SORT_BY_ALIGNMENT(.app_regions.*)))
                0x0000000000006a54                __app_shmem_regions_end = .

k_p4wq_initparam_area
                0x0000000000006a54        0x0
                0x0000000000006a54                _k_p4wq_initparam_list_start = .
 *(SORT_BY_NAME(SORT_BY_ALIGNMENT(._k_p4wq_initparam.static.*)))
                0x0000000000006a54                _k_p4wq_initparam_list_end = .

_static_thread_data_area
                0x0000000000006a54        0x0
                0x0000000000006a54                __static_thread_data_list_start = .
 *(SORT_BY_NAME(SORT_BY_ALIGNMENT(.__static_thread_data.static.*)))
                0x0000000000006a54                __static_thread_data_list_end = .

device_handles  0x0000000000006a54       0x1e
                0x0000000000006a54                __device_handles_start = .
 *(SORT_BY_NAME(SORT_BY_ALIGNMENT(.__device_handles_pass2*)))
 .__device_handles_pass2
                0x0000000000006a54       0x1e zephyr/CMakeFiles/zephyr_final.dir/dev_handles.c.obj
                0x0000000000006a54                __devicehdl_dts_ord_132
                0x0000000000006a5a                __devicehdl_dts_ord_115
                0x0000000000006a60                __devicehdl_dts_ord_9
                0x0000000000006a66                __devicehdl_dts_ord_30
                0x0000000000006a6c                __devicehdl_dts_ord_76
                0x0000000000006a72                __device_handles_end = .

ztest           0x0000000000006a72        0x0
                0x0000000000006a72                _ztest_expected_result_entry_list_start = .
 *(SORT_BY_NAME(SORT_BY_ALIGNMENT(._ztest_expected_result_entry.static.*)))
                0x0000000000006a72                _ztest_expected_result_entry_list_end = .
                0x0000000000006a72                _ztest_suite_node_list_start = .
 *(SORT_BY_NAME(SORT_BY_ALIGNMENT(._ztest_suite_node.static.*)))
                0x0000000000006a72                _ztest_suite_node_list_end = .
                0x0000000000006a72                _ztest_unit_test_list_start = .
 *(SORT_BY_NAME(SORT_BY_ALIGNMENT(._ztest_unit_test.static.*)))
                0x0000000000006a72                _ztest_unit_test_list_end = .
                0x0000000000006a72                _ztest_test_rule_list_start = .
 *(SORT_BY_NAME(SORT_BY_ALIGNMENT(._ztest_test_rule.static.*)))
                0x0000000000006a72                _ztest_test_rule_list_end = .

bt_l2cap_fixed_chan_area
                0x0000000000006a72        0x0
                0x0000000000006a72                _bt_l2cap_fixed_chan_list_start = .
 *(SORT_BY_NAME(SORT_BY_ALIGNMENT(._bt_l2cap_fixed_chan.static.*)))
                0x0000000000006a72                _bt_l2cap_fixed_chan_list_end = .

bt_gatt_service_static_area
                0x0000000000006a72        0x0
                0x0000000000006a72                _bt_gatt_service_static_list_start = .
 *(SORT_BY_NAME(SORT_BY_ALIGNMENT(._bt_gatt_service_static.static.*)))
                0x0000000000006a72                _bt_gatt_service_static_list_end = .

log_strings_sections
                0x0000000000006a72        0x0
                0x0000000000006a72                __log_strings_start = .
 *(SORT_BY_NAME(SORT_BY_ALIGNMENT(.log_strings*)))
                0x0000000000006a72                __log_strings_end = .

log_const_sections
                0x0000000000006a74       0x70
                0x0000000000006a74                __log_const_start = .
 *(SORT_BY_NAME(SORT_BY_ALIGNMENT(.log_const_*)))
 .log_const_NRFX_CLOCK
                0x0000000000006a74        0x8 modules/hal_nordic/nrfx/libmodules__hal_nordic__nrfx.a(nrfx_clock.c.obj)
                0x0000000000006a74                log_const_NRFX_CLOCK
 .log_const_NRFX_DPPI
                0x0000000000006a7c        0x8 modules/hal_nordic/nrfx/libmodules__hal_nordic__nrfx.a(nrfx_dppi.c.obj)
                0x0000000000006a7c                log_const_NRFX_DPPI
 .log_const_NRFX_GPIOTE
                0x0000000000006a84        0x8 modules/hal_nordic/nrfx/libmodules__hal_nordic__nrfx.a(nrfx_gpiote.c.obj)
                0x0000000000006a84                log_const_NRFX_GPIOTE
 .log_const_NRFX_TWIM
                0x0000000000006a8c        0x8 modules/hal_nordic/nrfx/libmodules__hal_nordic__nrfx.a(nrfx_twim.c.obj)
                0x0000000000006a8c                log_const_NRFX_TWIM
 .log_const_cbprintf_package
                0x0000000000006a94        0x8 zephyr/libzephyr.a(cbprintf_packaged.c.obj)
                0x0000000000006a94                log_const_cbprintf_package
 .log_const_clock_control
                0x0000000000006a9c        0x8 zephyr/drivers/clock_control/libdrivers__clock_control.a(clock_control_nrf.c.obj)
                0x0000000000006a9c                log_const_clock_control
 .log_const_fatal_error
                0x0000000000006aa4        0x8 modules/nrf/lib/fatal_error/lib..__nrf__lib__fatal_error.a(fatal_error.c.obj)
                0x0000000000006aa4                log_const_fatal_error
 .log_const_i2c
                0x0000000000006aac        0x8 zephyr/drivers/i2c/libdrivers__i2c.a(i2c_common.c.obj)
                0x0000000000006aac                log_const_i2c
 .log_const_i2c_nrfx_twim
                0x0000000000006ab4        0x8 zephyr/drivers/i2c/libdrivers__i2c.a(i2c_nrfx_twim.c.obj)
                0x0000000000006ab4                log_const_i2c_nrfx_twim
 .log_const_mpu
                0x0000000000006abc        0x8 zephyr/arch/arch/arm/core/aarch32/mpu/libarch__arm__core__aarch32__mpu.a(arm_core_mpu.c.obj)
                0x0000000000006abc                log_const_mpu
 .log_const_os  0x0000000000006ac4        0x8 zephyr/kernel/libkernel.a(init.c.obj)
                0x0000000000006ac4                log_const_os
 .log_const_pm  0x0000000000006acc        0x8 zephyr/libzephyr.a(pm.c.obj)
                0x0000000000006acc                log_const_pm
 .log_const_soc
                0x0000000000006ad4        0x8 zephyr/libzephyr.a(soc.c.obj)
                0x0000000000006ad4                log_const_soc
 .log_const_uart_nrfx_uarte
                0x0000000000006adc        0x8 zephyr/drivers/serial/libdrivers__serial.a(uart_nrfx_uarte.c.obj)
                0x0000000000006adc                log_const_uart_nrfx_uarte
                0x0000000000006ae4                __log_const_end = .

log_backend_area
                0x0000000000006ae4        0x0
                0x0000000000006ae4                _log_backend_list_start = .
 *(SORT_BY_NAME(SORT_BY_ALIGNMENT(._log_backend.static.*)))
                0x0000000000006ae4                _log_backend_list_end = .

log_link_area   0x0000000000006ae4        0x0
                0x0000000000006ae4                _log_link_list_start = .
 *(SORT_BY_NAME(SORT_BY_ALIGNMENT(._log_link.static.*)))
                0x0000000000006ae4                _log_link_list_end = .

tracing_backend_area
                0x0000000000006ae4        0x0
                0x0000000000006ae4                _tracing_backend_list_start = .
 *(SORT_BY_NAME(SORT_BY_ALIGNMENT(._tracing_backend.static.*)))
                0x0000000000006ae4                _tracing_backend_list_end = .

zephyr_dbg_info
 *(SORT_BY_ALIGNMENT(.dbg_thread_info))

symbol_to_keep  0x0000000000006ae4        0x0
                0x0000000000006ae4                __symbol_to_keep_start = .
 *(SORT_BY_NAME(SORT_BY_ALIGNMENT(.symbol_to_keep*)))
                0x0000000000006ae4                __symbol_to_keep_end = .

shell_area      0x0000000000006ae4        0x0
                0x0000000000006ae4                _shell_list_start = .
 *(SORT_BY_NAME(SORT_BY_ALIGNMENT(._shell.static.*)))
                0x0000000000006ae4                _shell_list_end = .

shell_root_cmds_sections
                0x0000000000006ae4        0x0
                0x0000000000006ae4                __shell_root_cmds_start = .
 *(SORT_BY_NAME(SORT_BY_ALIGNMENT(.shell_root_cmd_*)))
                0x0000000000006ae4                __shell_root_cmds_end = .

shell_subcmds_sections
                0x0000000000006ae4        0x0
                0x0000000000006ae4                __shell_subcmds_start = .
 *(SORT_BY_NAME(SORT_BY_ALIGNMENT(.shell_subcmd_*)))
                0x0000000000006ae4                __shell_subcmds_end = .

shell_dynamic_subcmds_sections
                0x0000000000006ae4        0x0
                0x0000000000006ae4                __shell_dynamic_subcmds_start = .
 *(SORT_BY_NAME(SORT_BY_ALIGNMENT(.shell_dynamic_subcmd_*)))
                0x0000000000006ae4                __shell_dynamic_subcmds_end = .

font_entry_sections
                0x0000000000006ae4        0x0
                0x0000000000006ae4                __font_entry_start = .
 *(SORT_BY_NAME(SORT_BY_ALIGNMENT(._cfb_font.*)))
                0x0000000000006ae4                __font_entry_end = .

rodata          0x0000000000006af0      0x498
 *(SORT_BY_ALIGNMENT(.rodata))
 .rodata        0x0000000000006af0        0x7 app/libapp.a(main.c.obj)
 *(SORT_BY_ALIGNMENT(.rodata.*))
 *fill*         0x0000000000006af7        0x9 
 .rodata.delay_machine_code.0
                0x0000000000006b00        0x6 zephyr/libzephyr.a(soc.c.obj)
 *fill*         0x0000000000006b06        0x2 
 .rodata.pmstates_DT_N_S_cpus_S_cpu_0
                0x0000000000006b08        0x0 zephyr/libzephyr.a(state.c.obj)
 .rodata.apis   0x0000000000006b08        0x8 zephyr/libzephyr.a(nrf_cc3xx_platform_abort_zephyr.c.obj)
 .rodata.mutexes
                0x0000000000006b10       0x14 zephyr/libzephyr.a(nrf_cc3xx_platform_mutex_zephyr.c.obj)
 .rodata.mutex_apis
                0x0000000000006b24       0x10 zephyr/libzephyr.a(nrf_cc3xx_platform_mutex_zephyr.c.obj)
 .rodata.static_regions
                0x0000000000006b34        0xc zephyr/arch/arch/arm/core/aarch32/mpu/libarch__arm__core__aarch32__mpu.a(arm_core_mpu.c.obj)
 .rodata.mpu_config
                0x0000000000006b40        0x8 zephyr/soc/arm/common/cortex_m/libsoc__arm__common__cortex_m.a(arm_mpu_regions.c.obj)
                0x0000000000006b40                mpu_config
 .rodata.mpu_regions
                0x0000000000006b48       0x20 zephyr/soc/arm/common/cortex_m/libsoc__arm__common__cortex_m.a(arm_mpu_regions.c.obj)
 .rodata.transitions.0
                0x0000000000006b68        0xc zephyr/drivers/clock_control/libdrivers__clock_control.a(clock_control_nrf.c.obj)
 .rodata.config
                0x0000000000006b74       0x20 zephyr/drivers/clock_control/libdrivers__clock_control.a(clock_control_nrf.c.obj)
 .rodata.clock_control_api
                0x0000000000006b94       0x1c zephyr/drivers/clock_control/libdrivers__clock_control.a(clock_control_nrf.c.obj)
 .rodata.gpio_nrfx_p1_cfg
                0x0000000000006bb0       0x10 zephyr/drivers/gpio/libdrivers__gpio.a(gpio_nrfx.c.obj)
 .rodata.gpio_nrfx_p0_cfg
                0x0000000000006bc0       0x10 zephyr/drivers/gpio/libdrivers__gpio.a(gpio_nrfx.c.obj)
 .rodata.gpio_nrfx_drv_api_funcs
                0x0000000000006bd0       0x24 zephyr/drivers/gpio/libdrivers__gpio.a(gpio_nrfx.c.obj)
 .rodata.twim_1z_config
                0x0000000000006bf4       0x24 zephyr/drivers/i2c/libdrivers__i2c.a(i2c_nrfx_twim.c.obj)
 .rodata.__pinctrl_dev_config__device_dts_ord_132
                0x0000000000006c18        0xc zephyr/drivers/i2c/libdrivers__i2c.a(i2c_nrfx_twim.c.obj)
 .rodata.__pinctrl_states__device_dts_ord_132
                0x0000000000006c24        0x8 zephyr/drivers/i2c/libdrivers__i2c.a(i2c_nrfx_twim.c.obj)
 .rodata.__pinctrl_state_pins_0__device_dts_ord_132
                0x0000000000006c2c        0x8 zephyr/drivers/i2c/libdrivers__i2c.a(i2c_nrfx_twim.c.obj)
 .rodata.i2c_nrfx_twim_driver_api
                0x0000000000006c34       0x18 zephyr/drivers/i2c/libdrivers__i2c.a(i2c_nrfx_twim.c.obj)
 .rodata.uarte_0z_config
                0x0000000000006c4c       0x10 zephyr/drivers/serial/libdrivers__serial.a(uart_nrfx_uarte.c.obj)
 .rodata.__pinctrl_dev_config__device_dts_ord_115
                0x0000000000006c5c        0xc zephyr/drivers/serial/libdrivers__serial.a(uart_nrfx_uarte.c.obj)
 .rodata.__pinctrl_states__device_dts_ord_115
                0x0000000000006c68        0x8 zephyr/drivers/serial/libdrivers__serial.a(uart_nrfx_uarte.c.obj)
 .rodata.__pinctrl_state_pins_0__device_dts_ord_115
                0x0000000000006c70       0x10 zephyr/drivers/serial/libdrivers__serial.a(uart_nrfx_uarte.c.obj)
 .rodata.uart_nrfx_uarte_driver_api
                0x0000000000006c80       0x14 zephyr/drivers/serial/libdrivers__serial.a(uart_nrfx_uarte.c.obj)
 .rodata._k_neg_eagain
                0x0000000000006c94        0x4 zephyr/kernel/libkernel.a(errno.c.obj)
                0x0000000000006c94                _k_neg_eagain
 .rodata.levels.0
                0x0000000000006c98       0x18 zephyr/kernel/libkernel.a(init.c.obj)
 .rodata.CSWTCH.10
                0x0000000000006cb0       0x20 C:/ncs/v2.4.0/nrfxlib/crypto/nrf_cc312_platform/lib/cortex-m33/soft-float/no-interrupts/libnrf_cc312_platform_0.9.17.a(nrf_cc3xx_platform.c.obj)
 .rodata.mutex_free.str1.4
                0x0000000000006cd0       0x26 C:/ncs/v2.4.0/nrfxlib/crypto/nrf_cc312_platform/lib/cortex-m33/soft-float/no-interrupts/libnrf_cc312_platform_0.9.17.a(nrf_cc3xx_platform_mutex.c.obj)
 *fill*         0x0000000000006cf6        0x2 
 .rodata.mutex_init.str1.4
                0x0000000000006cf8       0x23 C:/ncs/v2.4.0/nrfxlib/crypto/nrf_cc312_platform/lib/cortex-m33/soft-float/no-interrupts/libnrf_cc312_platform_0.9.17.a(nrf_cc3xx_platform_mutex.c.obj)
 *fill*         0x0000000000006d1b        0x1 
 .rodata.CC_PalPowerSaveModeInit.str1.4
                0x0000000000006d1c       0x20 C:/ncs/v2.4.0/nrfxlib/crypto/nrf_cc312_platform/lib/cortex-m33/soft-float/no-interrupts/libnrf_cc312_platform_0.9.17.a(cc_pal_pm.c.obj)
 .rodata.set_date_time.str1.1
                0x0000000000006d3c       0x36 app/libapp.a(main.c.obj)
 .rodata.get_date_time.str1.1
                0x0000000000006d72       0x39 app/libapp.a(main.c.obj)
 .rodata.main.str1.1
                0x0000000000006dab       0x3a app/libapp.a(main.c.obj)
 .rodata.str1.1
                0x0000000000006de5       0x11 zephyr/libzephyr.a(cbprintf_packaged.c.obj)
 .rodata.z_cbvprintf_impl.str1.1
                0x0000000000006df6        0x6 zephyr/libzephyr.a(cbprintf_complete.c.obj)
 .rodata.sys_reboot.str1.1
                0x0000000000006dfc       0x29 zephyr/libzephyr.a(reboot.c.obj)
 .rodata.str1.1
                0x0000000000006e25        0x4 zephyr/libzephyr.a(soc.c.obj)
 .rodata.str1.1
                0x0000000000006e29        0x3 zephyr/libzephyr.a(pm.c.obj)
 .rodata.mutex_free_platform.str1.1
                0x0000000000006e2c       0x26 zephyr/libzephyr.a(nrf_cc3xx_platform_mutex_zephyr.c.obj)
 .rodata.mutex_init_platform.str1.1
                0x0000000000006e52       0x2d zephyr/libzephyr.a(nrf_cc3xx_platform_mutex_zephyr.c.obj)
 .rodata.str1.1
                0x0000000000006e7f        0x4 zephyr/arch/arch/arm/core/aarch32/mpu/libarch__arm__core__aarch32__mpu.a(arm_core_mpu.c.obj)
 .rodata.str1.1
                0x0000000000006e83        0xf zephyr/soc/arm/common/cortex_m/libsoc__arm__common__cortex_m.a(arm_mpu_regions.c.obj)
 .rodata.str1.1
                0x0000000000006e92       0x19 zephyr/drivers/clock_control/libdrivers__clock_control.a(clock_control_nrf.c.obj)
 .rodata.str1.1
                0x0000000000006eab       0x18 zephyr/drivers/gpio/libdrivers__gpio.a(gpio_nrfx.c.obj)
 .rodata.str1.1
                0x0000000000006ec3        0x4 zephyr/drivers/i2c/libdrivers__i2c.a(i2c_common.c.obj)
 .rodata.str1.1
                0x0000000000006ec7       0x17 zephyr/drivers/i2c/libdrivers__i2c.a(i2c_nrfx_twim.c.obj)
 .rodata.str1.1
                0x0000000000006ede       0x1a zephyr/drivers/serial/libdrivers__serial.a(uart_nrfx_uarte.c.obj)
 .rodata.str1.1
                0x0000000000006ef8        0xc modules/nrf/lib/fatal_error/lib..__nrf__lib__fatal_error.a(fatal_error.c.obj)
 .rodata.CSWTCH.17
                0x0000000000006f04        0x4 modules/hal_nordic/nrfx/libmodules__hal_nordic__nrfx.a(system_nrf5340_application.c.obj)
 .rodata.CSWTCH.5
                0x0000000000006f08        0x4 modules/hal_nordic/nrfx/libmodules__hal_nordic__nrfx.a(system_nrf5340_application.c.obj)
 .rodata.CSWTCH.3
                0x0000000000006f0c        0x4 modules/hal_nordic/nrfx/libmodules__hal_nordic__nrfx.a(system_nrf5340_application.c.obj)
 .rodata.str1.1
                0x0000000000006f10        0xb modules/hal_nordic/nrfx/libmodules__hal_nordic__nrfx.a(nrfx_clock.c.obj)
 .rodata.str1.1
                0x0000000000006f1b        0xa modules/hal_nordic/nrfx/libmodules__hal_nordic__nrfx.a(nrfx_dppi.c.obj)
 .rodata.str1.1
                0x0000000000006f25        0xc modules/hal_nordic/nrfx/libmodules__hal_nordic__nrfx.a(nrfx_gpiote.c.obj)
 .rodata.str1.1
                0x0000000000006f31        0xa modules/hal_nordic/nrfx/libmodules__hal_nordic__nrfx.a(nrfx_twim.c.obj)
 .rodata._DoInit.str1.1
                0x0000000000006f3b       0x14 modules/segger/libmodules__segger.a(SEGGER_RTT.c.obj)
 .rodata.z_cstart.str1.1
                0x0000000000006f4f        0x5 zephyr/kernel/libkernel.a(init.c.obj)
 .rodata.str1.1
                0x0000000000006f54        0x3 zephyr/kernel/libkernel.a(init.c.obj)
 .rodata.boot_banner.str1.1
                0x0000000000006f57       0x2e zephyr/kernel/libkernel.a(banner.c.obj)
 *(SORT_BY_ALIGNMENT(.gnu.linkonce.r.*))
                0x0000000000006f88                . = ALIGN (0x4)
 *fill*         0x0000000000006f85        0x3 
                0x0000000000006f88                __rodata_region_end = .
                0x0000000000006fa0                . = ALIGN (_region_min_align)
                0x0000000000006fa0                __rom_region_end = ((__rom_region_start + .) - ADDR (rom_start))

/DISCARD/
 *(SORT_BY_ALIGNMENT(.got.plt))
 *(SORT_BY_ALIGNMENT(.igot.plt))
 *(SORT_BY_ALIGNMENT(.got))
 *(SORT_BY_ALIGNMENT(.igot))
                0x0000000020000000                . = 0x20000000
                0x0000000020000000                . = ALIGN (_region_min_align)
                0x0000000020000000                _image_ram_start = .

.ramfunc        0x0000000020000000        0x0 load address 0x0000000000006f88
                0x0000000020000000                . = ALIGN (_region_min_align)
                0x0000000020000000                __ramfunc_start = .
 *(SORT_BY_ALIGNMENT(.ramfunc))
 *(SORT_BY_ALIGNMENT(.ramfunc.*))
                0x0000000020000000                . = ALIGN (_region_min_align)
                0x0000000020000000                __ramfunc_end = .
                0x0000000000000000                __ramfunc_size = (__ramfunc_end - __ramfunc_start)
                0x0000000000006f88                __ramfunc_load_start = LOADADDR (.ramfunc)

datas           0x0000000020000000      0x15c load address 0x0000000000006f88
                0x0000000020000000                __data_region_start = .
                0x0000000020000000                __data_start = .
 *(SORT_BY_ALIGNMENT(.data))
 *(SORT_BY_ALIGNMENT(.data.*))
 .data._char_out
                0x0000000020000000        0x4 zephyr/libzephyr.a(printk.c.obj)
                0x0000000020000000                _char_out
 .data.max_latency_ticks
                0x0000000020000004        0x4 zephyr/libzephyr.a(policy.c.obj)
 .data.power_mutex
                0x0000000020000008        0x8 zephyr/libzephyr.a(nrf_cc3xx_platform_mutex_zephyr.c.obj)
 .data.rng_mutex
                0x0000000020000010        0x8 zephyr/libzephyr.a(nrf_cc3xx_platform_mutex_zephyr.c.obj)
 .data.asym_mutex
                0x0000000020000018        0x8 zephyr/libzephyr.a(nrf_cc3xx_platform_mutex_zephyr.c.obj)
 .data.sym_mutex
                0x0000000020000020        0x8 zephyr/libzephyr.a(nrf_cc3xx_platform_mutex_zephyr.c.obj)
 .data._stdout_hook
                0x0000000020000028        0x4 zephyr/lib/libc/minimal/liblib__libc__minimal.a(stdout_console.c.obj)
 .data.twim_1_data
                0x000000002000002c       0x28 zephyr/drivers/i2c/libdrivers__i2c.a(i2c_nrfx_twim.c.obj)
 .data.uarte_0_data
                0x0000000020000054       0x1c zephyr/drivers/serial/libdrivers__serial.a(uart_nrfx_uarte.c.obj)
 .data.SystemCoreClock
                0x0000000020000070        0x4 modules/hal_nordic/nrfx/libmodules__hal_nordic__nrfx.a(system_nrf5340_application.c.obj)
                0x0000000020000070                SystemCoreClock
 .data.m_allocated_channels
                0x0000000020000074        0x4 modules/hal_nordic/nrfx/libmodules__hal_nordic__nrfx.a(nrfx_dppi.c.obj)
 .data.m_cb     0x0000000020000078       0x7c modules/hal_nordic/nrfx/libmodules__hal_nordic__nrfx.a(nrfx_gpiote.c.obj)
 .data.timeout_list
                0x00000000200000f4        0x8 zephyr/kernel/libkernel.a(timeout.c.obj)
 .data.platform_abort_apis
                0x00000000200000fc        0x8 C:/ncs/v2.4.0/nrfxlib/crypto/nrf_cc312_platform/lib/cortex-m33/soft-float/no-interrupts/libnrf_cc312_platform_0.9.17.a(nrf_cc3xx_platform_abort.c.obj)
                0x00000000200000fc                platform_abort_apis
 .data.platform_mutexes
                0x0000000020000104       0x14 C:/ncs/v2.4.0/nrfxlib/crypto/nrf_cc312_platform/lib/cortex-m33/soft-float/no-interrupts/libnrf_cc312_platform_0.9.17.a(nrf_cc3xx_platform_mutex.c.obj)
                0x0000000020000104                platform_mutexes
 .data.platform_mutex_apis
                0x0000000020000118       0x10 C:/ncs/v2.4.0/nrfxlib/crypto/nrf_cc312_platform/lib/cortex-m33/soft-float/no-interrupts/libnrf_cc312_platform_0.9.17.a(nrf_cc3xx_platform_mutex.c.obj)
                0x0000000020000118                platform_mutex_apis
 .data.power_mutex
                0x0000000020000128        0x8 C:/ncs/v2.4.0/nrfxlib/crypto/nrf_cc312_platform/lib/cortex-m33/soft-float/no-interrupts/libnrf_cc312_platform_0.9.17.a(nrf_cc3xx_platform_mutex.c.obj)
 .data.rng_mutex
                0x0000000020000130        0x8 C:/ncs/v2.4.0/nrfxlib/crypto/nrf_cc312_platform/lib/cortex-m33/soft-float/no-interrupts/libnrf_cc312_platform_0.9.17.a(nrf_cc3xx_platform_mutex.c.obj)
 .data.asym_mutex
                0x0000000020000138        0x8 C:/ncs/v2.4.0/nrfxlib/crypto/nrf_cc312_platform/lib/cortex-m33/soft-float/no-interrupts/libnrf_cc312_platform_0.9.17.a(nrf_cc3xx_platform_mutex.c.obj)
 .data.sym_mutex
                0x0000000020000140        0x8 C:/ncs/v2.4.0/nrfxlib/crypto/nrf_cc312_platform/lib/cortex-m33/soft-float/no-interrupts/libnrf_cc312_platform_0.9.17.a(nrf_cc3xx_platform_mutex.c.obj)
 .data.pCCRndCryptoMutex
                0x0000000020000148        0x4 C:/ncs/v2.4.0/nrfxlib/crypto/nrf_cc312_platform/lib/cortex-m33/soft-float/no-interrupts/libnrf_cc312_platform_0.9.17.a(cc_pal.c.obj)
                0x0000000020000148                pCCRndCryptoMutex
 .data.CCPowerMutex
                0x000000002000014c        0x4 C:/ncs/v2.4.0/nrfxlib/crypto/nrf_cc312_platform/lib/cortex-m33/soft-float/no-interrupts/libnrf_cc312_platform_0.9.17.a(cc_pal.c.obj)
                0x000000002000014c                CCPowerMutex
 .data.CCRndCryptoMutex
                0x0000000020000150        0x4 C:/ncs/v2.4.0/nrfxlib/crypto/nrf_cc312_platform/lib/cortex-m33/soft-float/no-interrupts/libnrf_cc312_platform_0.9.17.a(cc_pal.c.obj)
                0x0000000020000150                CCRndCryptoMutex
 .data.CCAsymCryptoMutex
                0x0000000020000154        0x4 C:/ncs/v2.4.0/nrfxlib/crypto/nrf_cc312_platform/lib/cortex-m33/soft-float/no-interrupts/libnrf_cc312_platform_0.9.17.a(cc_pal.c.obj)
                0x0000000020000154                CCAsymCryptoMutex
 .data.CCSymCryptoMutex
                0x0000000020000158        0x4 C:/ncs/v2.4.0/nrfxlib/crypto/nrf_cc312_platform/lib/cortex-m33/soft-float/no-interrupts/libnrf_cc312_platform_0.9.17.a(cc_pal.c.obj)
                0x0000000020000158                CCSymCryptoMutex
 *(SORT_BY_ALIGNMENT(.kernel.*))
                0x000000002000015c                __data_end = .
                0x000000000000015c                __data_size = (__data_end - __data_start)
                0x0000000000006f88                __data_load_start = LOADADDR (datas)
                0x0000000000006f88                __data_region_load_start = LOADADDR (datas)

device_states   0x000000002000015c        0xa load address 0x00000000000070e4
                0x000000002000015c                __device_states_start = .
 *(SORT_BY_ALIGNMENT(.z_devstate))
 .z_devstate    0x000000002000015c        0x2 zephyr/drivers/clock_control/libdrivers__clock_control.a(clock_control_nrf.c.obj)
 .z_devstate    0x000000002000015e        0x4 zephyr/drivers/gpio/libdrivers__gpio.a(gpio_nrfx.c.obj)
 .z_devstate    0x0000000020000162        0x2 zephyr/drivers/i2c/libdrivers__i2c.a(i2c_nrfx_twim.c.obj)
 .z_devstate    0x0000000020000164        0x2 zephyr/drivers/serial/libdrivers__serial.a(uart_nrfx_uarte.c.obj)
 *(SORT_BY_ALIGNMENT(.z_devstate.*))
                0x0000000020000166                __device_states_end = .

initshell       0x0000000020000166        0x0 load address 0x00000000000070ee
                0x0000000020000166                __shell_module_start = .
 *(SORT_BY_ALIGNMENT(.shell_module_*))
                0x0000000020000166                __shell_module_end = .
                0x0000000020000166                __shell_cmd_start = .
 *(SORT_BY_ALIGNMENT(.shell_cmd_*))
                0x0000000020000166                __shell_cmd_end = .

log_mpsc_pbuf_area
                0x0000000020000166        0x0 load address 0x00000000000070ee
                0x0000000020000166                _log_mpsc_pbuf_list_start = .
 *(SORT_BY_NAME(SORT_BY_ALIGNMENT(._log_mpsc_pbuf.static.*)))
                0x0000000020000166                _log_mpsc_pbuf_list_end = .

log_msg_ptr_area
                0x0000000020000166        0x0 load address 0x00000000000070ee
                0x0000000020000166                _log_msg_ptr_list_start = .
 *(SORT_BY_NAME(SORT_BY_ALIGNMENT(._log_msg_ptr.static.*)))
                0x0000000020000166                _log_msg_ptr_list_end = .

log_dynamic_sections
                0x0000000020000166        0x0 load address 0x00000000000070ee
                0x0000000020000166                __log_dynamic_start = .
 *(SORT_BY_NAME(SORT_BY_ALIGNMENT(.log_dynamic_*)))
                0x0000000020000166                __log_dynamic_end = .

k_timer_area    0x0000000020000166        0x0 load address 0x00000000000070ee
                0x0000000020000166                _k_timer_list_start = .
 *(SORT_BY_NAME(SORT_BY_ALIGNMENT(._k_timer.static.*)))
                0x0000000020000166                _k_timer_list_end = .

k_mem_slab_area
                0x0000000020000166        0x0 load address 0x00000000000070ee
                0x0000000020000166                _k_mem_slab_list_start = .
 *(SORT_BY_NAME(SORT_BY_ALIGNMENT(._k_mem_slab.static.*)))
                0x0000000020000166                _k_mem_slab_list_end = .

k_heap_area     0x0000000020000166        0x0 load address 0x00000000000070ee
                0x0000000020000166                _k_heap_list_start = .
 *(SORT_BY_NAME(SORT_BY_ALIGNMENT(._k_heap.static.*)))
                0x0000000020000166                _k_heap_list_end = .

k_mutex_area    0x0000000020000168       0x50 load address 0x00000000000070f0
                0x0000000020000168                _k_mutex_list_start = .
 *(SORT_BY_NAME(SORT_BY_ALIGNMENT(._k_mutex.static.*)))
 ._k_mutex.static.asym_mutex_int
                0x0000000020000168       0x14 zephyr/libzephyr.a(nrf_cc3xx_platform_mutex_zephyr.c.obj)
                0x0000000020000168                asym_mutex_int
 ._k_mutex.static.power_mutex_int
                0x000000002000017c       0x14 zephyr/libzephyr.a(nrf_cc3xx_platform_mutex_zephyr.c.obj)
                0x000000002000017c                power_mutex_int
 ._k_mutex.static.rng_mutex_int
                0x0000000020000190       0x14 zephyr/libzephyr.a(nrf_cc3xx_platform_mutex_zephyr.c.obj)
                0x0000000020000190                rng_mutex_int
 ._k_mutex.static.sym_mutex_int
                0x00000000200001a4       0x14 zephyr/libzephyr.a(nrf_cc3xx_platform_mutex_zephyr.c.obj)
                0x00000000200001a4                sym_mutex_int
                0x00000000200001b8                _k_mutex_list_end = .

k_stack_area    0x00000000200001b8        0x0 load address 0x0000000000007140
                0x00000000200001b8                _k_stack_list_start = .
 *(SORT_BY_NAME(SORT_BY_ALIGNMENT(._k_stack.static.*)))
                0x00000000200001b8                _k_stack_list_end = .

k_msgq_area     0x00000000200001b8        0x0 load address 0x0000000000007140
                0x00000000200001b8                _k_msgq_list_start = .
 *(SORT_BY_NAME(SORT_BY_ALIGNMENT(._k_msgq.static.*)))
                0x00000000200001b8                _k_msgq_list_end = .

k_mbox_area     0x00000000200001b8        0x0 load address 0x0000000000007140
                0x00000000200001b8                _k_mbox_list_start = .
 *(SORT_BY_NAME(SORT_BY_ALIGNMENT(._k_mbox.static.*)))
                0x00000000200001b8                _k_mbox_list_end = .

k_pipe_area     0x00000000200001b8        0x0 load address 0x0000000000007140
                0x00000000200001b8                _k_pipe_list_start = .
 *(SORT_BY_NAME(SORT_BY_ALIGNMENT(._k_pipe.static.*)))
                0x00000000200001b8                _k_pipe_list_end = .

k_sem_area      0x00000000200001b8        0x0 load address 0x0000000000007140
                0x00000000200001b8                _k_sem_list_start = .
 *(SORT_BY_NAME(SORT_BY_ALIGNMENT(._k_sem.static.*)))
                0x00000000200001b8                _k_sem_list_end = .

k_event_area    0x00000000200001b8        0x0 load address 0x0000000000007140
                0x00000000200001b8                _k_event_list_start = .
 *(SORT_BY_NAME(SORT_BY_ALIGNMENT(._k_event.static.*)))
                0x00000000200001b8                _k_event_list_end = .

k_queue_area    0x00000000200001b8        0x0 load address 0x0000000000007140
                0x00000000200001b8                _k_queue_list_start = .
 *(SORT_BY_NAME(SORT_BY_ALIGNMENT(._k_queue.static.*)))
                0x00000000200001b8                _k_queue_list_end = .

k_condvar_area  0x00000000200001b8        0x0 load address 0x0000000000007140
                0x00000000200001b8                _k_condvar_list_start = .
 *(SORT_BY_NAME(SORT_BY_ALIGNMENT(._k_condvar.static.*)))
                0x00000000200001b8                _k_condvar_list_end = .

_net_buf_pool_area
                0x00000000200001b8        0x0 load address 0x0000000000007140
                0x00000000200001b8                _net_buf_pool_list = .
 *(SORT_BY_NAME(SORT_BY_ALIGNMENT(._net_buf_pool.static.*)))
                0x00000000200001b8                __data_region_end = .

bss             0x00000000200001b8      0xe9c
                0x00000000200001b8                . = ALIGN (0x4)
                0x00000000200001b8                __bss_start = .